Component: ARM Compiler 6.14 Tool: armlink [5db06800]

==============================================================================

Section Cross References

    main.o(.text.main) refers to main.o(.text.I2C_Setup) for I2C_Setup
    main.o(.text.main) refers to main.o(.text.UART_Conf) for UART_Conf
    main.o(.text.main) refers to main.o(.text.GPIO_Conf) for GPIO_Conf
    main.o(.text.main) refers to main.o(.text.SetTime) for SetTime
    main.o(.text.main) refers to main.o(.text.GetTime) for GetTime
    main.o(.text.main) refers to main.o(.rodata.str1.1) for .L.str
    main.o(.text.main) refers to sprintf.o(.text) for sprintf
    main.o(.text.main) refers to main.o(.text.Write_String) for Write_String
    main.o(.text.main) refers to main.o(.text.Delay_Ms) for Delay_Ms
    main.o(.ARM.exidx.text.main) refers to main.o(.text.main) for [Anonymous Symbol]
    main.o(.ARM.exidx.text.I2C_Setup) refers to main.o(.text.I2C_Setup) for [Anonymous Symbol]
    main.o(.ARM.exidx.text.UART_Conf) refers to main.o(.text.UART_Conf) for [Anonymous Symbol]
    main.o(.ARM.exidx.text.GPIO_Conf) refers to main.o(.text.GPIO_Conf) for [Anonymous Symbol]
    main.o(.text.SetTime) refers to main.o(.text.BCD_to_DEC) for BCD_to_DEC
    main.o(.text.SetTime) refers to main.o(.text.I2C_SentData) for I2C_SentData
    main.o(.ARM.exidx.text.SetTime) refers to main.o(.text.SetTime) for [Anonymous Symbol]
    main.o(.text.GetTime) refers to main.o(.text.I2C_Receive_Data) for I2C_Receive_Data
    main.o(.text.GetTime) refers to main.o(.text.BCD_to_DEC) for BCD_to_DEC
    main.o(.ARM.exidx.text.GetTime) refers to main.o(.text.GetTime) for [Anonymous Symbol]
    main.o(.text.Write_String) refers to main.o(.text.Write_Data) for Write_Data
    main.o(.ARM.exidx.text.Write_String) refers to main.o(.text.Write_String) for [Anonymous Symbol]
    main.o(.ARM.exidx.text.Delay_Ms) refers to main.o(.text.Delay_Ms) for [Anonymous Symbol]
    main.o(.ARM.exidx.text.I2C_SentData) refers to main.o(.text.I2C_SentData) for [Anonymous Symbol]
    main.o(.ARM.exidx.text.I2C_Receive_Data) refers to main.o(.text.I2C_Receive_Data) for [Anonymous Symbol]
    main.o(.ARM.exidx.text.BCD_to_DEC) refers to main.o(.text.BCD_to_DEC) for [Anonymous Symbol]
    main.o(.ARM.exidx.text.Write_Data) refers to main.o(.text.Write_Data) for [Anonymous Symbol]
    misc.o(.ARM.exidx.text.NVIC_PriorityGroupConfig) refers to misc.o(.text.NVIC_PriorityGroupConfig) for [Anonymous Symbol]
    misc.o(.ARM.exidx.text.NVIC_Init) refers to misc.o(.text.NVIC_Init) for [Anonymous Symbol]
    misc.o(.ARM.exidx.text.NVIC_SetVectorTable) refers to misc.o(.text.NVIC_SetVectorTable) for [Anonymous Symbol]
    misc.o(.ARM.exidx.text.NVIC_SystemLPConfig) refers to misc.o(.text.NVIC_SystemLPConfig) for [Anonymous Symbol]
    misc.o(.ARM.exidx.text.SysTick_CLKSourceConfig) refers to misc.o(.text.SysTick_CLKSourceConfig) for [Anonymous Symbol]
    stm32f10x_i2c.o(.text.I2C_DeInit) refers to stm32f10x_rcc.o(.text.RCC_APB1PeriphResetCmd) for RCC_APB1PeriphResetCmd
    stm32f10x_i2c.o(.ARM.exidx.text.I2C_DeInit) refers to stm32f10x_i2c.o(.text.I2C_DeInit) for [Anonymous Symbol]
    stm32f10x_i2c.o(.text.I2C_Init) refers to stm32f10x_rcc.o(.text.RCC_GetClocksFreq) for RCC_GetClocksFreq
    stm32f10x_i2c.o(.ARM.exidx.text.I2C_Init) refers to stm32f10x_i2c.o(.text.I2C_Init) for [Anonymous Symbol]
    stm32f10x_i2c.o(.ARM.exidx.text.I2C_StructInit) refers to stm32f10x_i2c.o(.text.I2C_StructInit) for [Anonymous Symbol]
    stm32f10x_i2c.o(.ARM.exidx.text.I2C_Cmd) refers to stm32f10x_i2c.o(.text.I2C_Cmd) for [Anonymous Symbol]
    stm32f10x_i2c.o(.ARM.exidx.text.I2C_DMACmd) refers to stm32f10x_i2c.o(.text.I2C_DMACmd) for [Anonymous Symbol]
    stm32f10x_i2c.o(.ARM.exidx.text.I2C_DMALastTransferCmd) refers to stm32f10x_i2c.o(.text.I2C_DMALastTransferCmd) for [Anonymous Symbol]
    stm32f10x_i2c.o(.ARM.exidx.text.I2C_GenerateSTART) refers to stm32f10x_i2c.o(.text.I2C_GenerateSTART) for [Anonymous Symbol]
    stm32f10x_i2c.o(.ARM.exidx.text.I2C_GenerateSTOP) refers to stm32f10x_i2c.o(.text.I2C_GenerateSTOP) for [Anonymous Symbol]
    stm32f10x_i2c.o(.ARM.exidx.text.I2C_AcknowledgeConfig) refers to stm32f10x_i2c.o(.text.I2C_AcknowledgeConfig) for [Anonymous Symbol]
    stm32f10x_i2c.o(.ARM.exidx.text.I2C_OwnAddress2Config) refers to stm32f10x_i2c.o(.text.I2C_OwnAddress2Config) for [Anonymous Symbol]
    stm32f10x_i2c.o(.ARM.exidx.text.I2C_DualAddressCmd) refers to stm32f10x_i2c.o(.text.I2C_DualAddressCmd) for [Anonymous Symbol]
    stm32f10x_i2c.o(.ARM.exidx.text.I2C_GeneralCallCmd) refers to stm32f10x_i2c.o(.text.I2C_GeneralCallCmd) for [Anonymous Symbol]
    stm32f10x_i2c.o(.ARM.exidx.text.I2C_ITConfig) refers to stm32f10x_i2c.o(.text.I2C_ITConfig) for [Anonymous Symbol]
    stm32f10x_i2c.o(.ARM.exidx.text.I2C_SendData) refers to stm32f10x_i2c.o(.text.I2C_SendData) for [Anonymous Symbol]
[...]
    Removing stm32f10x_rcc.o(.ARM.exidx.text.RCC_PCLK1Config), (8 bytes).
    Removing stm32f10x_rcc.o(.text.RCC_PCLK2Config), (46 bytes).
    Removing stm32f10x_rcc.o(.ARM.exidx.text.RCC_PCLK2Config), (8 bytes).
    Removing stm32f10x_rcc.o(.text.RCC_ITConfig), (70 bytes).
    Removing stm32f10x_rcc.o(.ARM.exidx.text.RCC_ITConfig), (8 bytes).
    Removing stm32f10x_rcc.o(.text.RCC_USBCLKConfig), (18 bytes).
    Removing stm32f10x_rcc.o(.ARM.exidx.text.RCC_USBCLKConfig), (8 bytes).
    Removing stm32f10x_rcc.o(.text.RCC_ADCCLKConfig), (44 bytes).
    Removing stm32f10x_rcc.o(.ARM.exidx.text.RCC_ADCCLKConfig), (8 bytes).
    Removing stm32f10x_rcc.o(.text.RCC_LSEConfig), (78 bytes).
    Removing stm32f10x_rcc.o(.ARM.exidx.text.RCC_LSEConfig), (8 bytes).
    Removing stm32f10x_rcc.o(.text.RCC_LSICmd), (26 bytes).
    Removing stm32f10x_rcc.o(.ARM.exidx.text.RCC_LSICmd), (8 bytes).
    Removing stm32f10x_rcc.o(.text.RCC_RTCCLKConfig), (24 bytes).
    Removing stm32f10x_rcc.o(.ARM.exidx.text.RCC_RTCCLKConfig), (8 bytes).
    Removing stm32f10x_rcc.o(.text.RCC_RTCCLKCmd), (26 bytes).
    Removing stm32f10x_rcc.o(.ARM.exidx.text.RCC_RTCCLKCmd), (8 bytes).
    Removing stm32f10x_rcc.o(.text.RCC_GetClocksFreq), (374 bytes).
    Removing stm32f10x_rcc.o(.ARM.exidx.text.RCC_GetClocksFreq), (8 bytes).
    Removing stm32f10x_rcc.o(.text.RCC_AHBPeriphClockCmd), (62 bytes).
    Removing stm32f10x_rcc.o(.ARM.exidx.text.RCC_AHBPeriphClockCmd), (8 bytes).
    Removing stm32f10x_rcc.o(.text.RCC_APB2PeriphClockCmd), (62 bytes).
    Removing stm32f10x_rcc.o(.ARM.exidx.text.RCC_APB2PeriphClockCmd), (8 bytes).
    Removing stm32f10x_rcc.o(.text.RCC_APB1PeriphClockCmd), (62 bytes).
    Removing stm32f10x_rcc.o(.ARM.exidx.text.RCC_APB1PeriphClockCmd), (8 bytes).
    Removing stm32f10x_rcc.o(.text.RCC_APB2PeriphResetCmd), (62 bytes).
    Removing stm32f10x_rcc.o(.ARM.exidx.text.RCC_APB2PeriphResetCmd), (8 bytes).
    Removing stm32f10x_rcc.o(.text.RCC_APB1PeriphResetCmd), (62 bytes).
    Removing stm32f10x_rcc.o(.ARM.exidx.text.RCC_APB1PeriphResetCmd), (8 bytes).
    Removing stm32f10x_rcc.o(.text.RCC_BackupResetCmd), (26 bytes).
    Removing stm32f10x_rcc.o(.ARM.exidx.text.RCC_BackupResetCmd), (8 bytes).
    Removing stm32f10x_rcc.o(.text.RCC_ClockSecuritySystemCmd), (24 bytes).
    Removing stm32f10x_rcc.o(.ARM.exidx.text.RCC_ClockSecuritySystemCmd), (8 bytes).
    Removing stm32f10x_rcc.o(.text.RCC_MCOConfig), (26 bytes).
    Removing stm32f10x_rcc.o(.ARM.exidx.text.RCC_MCOConfig), (8 bytes).
    Removing stm32f10x_rcc.o(.text.RCC_ClearFlag), (18 bytes).
    Removing stm32f10x_rcc.o(.ARM.exidx.text.RCC_ClearFlag), (8 bytes).
    Removing stm32f10x_rcc.o(.text.RCC_GetITStatus), (58 bytes).
    Removing stm32f10x_rcc.o(.ARM.exidx.text.RCC_GetITStatus), (8 bytes).
    Removing stm32f10x_rcc.o(.text.RCC_ClearITPendingBit), (26 bytes).
    Removing stm32f10x_rcc.o(.ARM.exidx.text.RCC_ClearITPendingBit), (8 bytes).
    Removing stm32f10x_rcc.o(.rodata.APBAHBPrescTable), (16 bytes).
    Removing stm32f10x_rcc.o(.rodata.ADCPrescTable), (4 bytes).
    Removing gpio_stm32f10x.o(.text), (0 bytes).
    Removing gpio_stm32f10x.o(.text.GPIO_PortClock), (530 bytes).
    Removing gpio_stm32f10x.o(.ARM.exidx.text.GPIO_PortClock), (8 bytes).
    Removing gpio_stm32f10x.o(.text.GPIO_GetPortClockState), (284 bytes).
    Removing gpio_stm32f10x.o(.ARM.exidx.text.GPIO_GetPortClockState), (8 bytes).
    Removing gpio_stm32f10x.o(.text.GPIO_PinConfigure), (232 bytes).
    Removing gpio_stm32f10x.o(.ARM.exidx.text.GPIO_PinConfigure), (8 bytes).
    Removing gpio_stm32f10x.o(.text.GPIO_AFConfigure), (228 bytes).
    Removing gpio_stm32f10x.o(.ARM.exidx.text.GPIO_AFConfigure), (8 bytes).
    Removing system_stm32f10x.o(.text), (0 bytes).
    Removing system_stm32f10x.o(.ARM.exidx.text.SystemInit), (8 bytes).
    Removing system_stm32f10x.o(.ARM.exidx.text.SetSysClock), (8 bytes).
    Removing system_stm32f10x.o(.text.SystemCoreClockUpdate), (296 bytes).
    Removing system_stm32f10x.o(.ARM.exidx.text.SystemCoreClockUpdate), (8 bytes).
    Removing system_stm32f10x.o(.ARM.exidx.text.SetSysClockTo72), (8 bytes).
    Removing system_stm32f10x.o(.data.SystemCoreClock), (4 bytes).
    Removing system_stm32f10x.o(.rodata.AHBPrescTable), (16 bytes).

175 unused section(s) (total 6624 bytes) removed from the image.

==============================================================================

Image Symbol Table

    Local Symbols

    Symbol Name                              Value     Ov Type        Size  Object(Section)

    ../clib/angel/boardlib.s                 0x00000000   Number         0  boardinit1.o ABSOLUTE
    ../clib/angel/boardlib.s                 0x00000000   Number         0  boardinit2.o ABSOLUTE
    ../clib/angel/boardlib.s                 0x00000000   Number         0  boardinit3.o ABSOLUTE
    ../clib/angel/boardlib.s                 0x00000000   Number         0  boardshut.o ABSOLUTE
    ../clib/angel/handlers.s                 0x00000000   Number         0  __scatter_zi.o ABSOLUTE
    ../clib/angel/kernel.s                   0x00000000   Number         0  __rtentry.o ABSOLUTE
    ../clib/angel/kernel.s                   0x00000000   Number         0  __rtentry2.o ABSOLUTE
    ../clib/angel/kernel.s                   0x00000000   Number         0  __rtentry4.o ABSOLUTE
    ../clib/angel/kernel.s                   0x00000000   Number         0  rtexit.o ABSOLUTE
    ../clib/angel/kernel.s                   0x00000000   Number         0  rtexit2.o ABSOLUTE
    ../clib/angel/rt.s                       0x00000000   Number         0  rt_ctype_table.o ABSOLUTE
    ../clib/angel/rt.s                       0x00000000   Number         0  rt_locale.o ABSOLUTE
    ../clib/angel/rt.s                       0x00000000   Number         0  rt_locale_intlibspace.o ABSOLUTE
    ../clib/angel/rt.s                       0x00000000   Number         0  rt_raise.o ABSOLUTE
    ../clib/angel/scatter.s                  0x00000000   Number         0  __scatter.o ABSOLUTE
    ../clib/angel/startup.s                  0x00000000   Number         0  __main.o ABSOLUTE
    ../clib/angel/sys.s                      0x00000000   Number         0  sys_stackheap_outer.o ABSOLUTE
    ../clib/angel/sys.s                      0x00000000   Number         0  libspace.o ABSOLUTE
    ../clib/angel/sys.s                      0x00000000   Number         0  use_no_semi.o ABSOLUTE
    ../clib/angel/sys.s                      0x00000000   Number         0  indicate_semi.o ABSOLUTE
    ../clib/angel/sysapp.c                   0x00000000   Number         0  sys_exit.o ABSOLUTE
    ../clib/angel/sysapp.c                   0x00000000   Number         0  sys_exit_hlt.o ABSOLUTE
    ../clib/angel/sysapp.c                   0x00000000   Number         0  sys_command.o ABSOLUTE
    ../clib/angel/sysapp.c                   0x00000000   Number         0  sys_command_hlt.o ABSOLUTE
    ../clib/angel/sysapp.c                   0x00000000   Number         0  sys_wrch.o ABSOLUTE
    ../clib/angel/sysapp.c                   0x00000000   Number         0  sys_wrch_hlt.o ABSOLUTE
    ../clib/armsys.c                         0x00000000   Number         0  argv_veneer.o ABSOLUTE
    ../clib/armsys.c                         0x00000000   Number         0  argv_veneer.o ABSOLUTE
    ../clib/armsys.c                         0x00000000   Number         0  _get_argv_nomalloc.o ABSOLUTE
    ../clib/armsys.c                         0x00000000   Number         0  no_argv.o ABSOLUTE
    ../clib/bigflt.c                         0x00000000   Number         0  bigflt0.o ABSOLUTE
    ../clib/btod.s                           0x00000000   Number         0  btod.o ABSOLUTE
    ../clib/btod_accurate.c                  0x00000000   Number         0  btod_accurate.o ABSOLUTE
    ../clib/btod_accurate.c                  0x00000000   Number         0  btod_accurate_common.o ABSOLUTE
    ../clib/heapalloc.c                      0x00000000   Number         0  hrguard.o ABSOLUTE
    ../clib/heapaux.c                        0x00000000   Number         0  heapauxi.o ABSOLUTE
    ../clib/libinit.s                        0x00000000   Number         0  libinit.o ABSOLUTE
    ../clib/libinit.s                        0x00000000   Number         0  libinit2.o ABSOLUTE
    ../clib/libinit.s                        0x00000000   Number         0  libshutdown.o ABSOLUTE
    ../clib/libinit.s                        0x00000000   Number         0  libshutdown2.o ABSOLUTE
    ../clib/locale.c                         0x00000000   Number         0  _c16rtomb.o ABSOLUTE
    ../clib/locale.s                         0x00000000   Number         0  lc_numeric_c.o ABSOLUTE
    ../clib/locale.s                         0x00000000   Number         0  lc_ctype_c.o ABSOLUTE
    ../clib/longlong.s                       0x00000000   Number         0  lludiv10.o ABSOLUTE
    ../clib/longlong.s                       0x00000000   Number         0  llushr.o ABSOLUTE
    ../clib/memcpset.s                       0x00000000   Number         0  strcmpv7m.o ABSOLUTE
    ../clib/misc.s                           0x00000000   Number         0  printf_stubs.o ABSOLUTE
    ../clib/printf.c                         0x00000000   Number         0  sprintf.o ABSOLUTE
    ../clib/printf.c                         0x00000000   Number         0  __printf.o ABSOLUTE
    ../clib/printf.c                         0x00000000   Number         0  _printf_pad.o ABSOLUTE
    ../clib/printf.c                         0x00000000   Number         0  _printf_truncate.o ABSOLUTE
    ../clib/printf.c                         0x00000000   Number         0  _printf_str.o ABSOLUTE
    ../clib/printf.c                         0x00000000   Number         0  _printf_dec.o ABSOLUTE
    ../clib/printf.c                         0x00000000   Number         0  _printf_charcount.o ABSOLUTE
    ../clib/printf.c                         0x00000000   Number         0  _printf_char_common.o ABSOLUTE
    ../clib/printf.c                         0x00000000   Number         0  _sputc.o ABSOLUTE
    ../clib/printf.c                         0x00000000   Number         0  _printf_wctomb.o ABSOLUTE
    ../clib/printf.c                         0x00000000   Number         0  _printf_longlong_dec.o ABSOLUTE
    ../clib/printf.c                         0x00000000   Number         0  _printf_oct_ll.o ABSOLUTE
    ../clib/printf.c                         0x00000000   Number         0  _printf_oct_int.o ABSOLUTE
    ../clib/printf.c                         0x00000000   Number         0  _printf_oct_int_ll.o ABSOLUTE
    ../clib/printf.c                         0x00000000   Number         0  _printf_hex_ll.o ABSOLUTE
    ../clib/printf.c                         0x00000000   Number         0  _printf_hex_int.o ABSOLUTE
    ../clib/printf.c                         0x00000000   Number         0  _printf_hex_int_ll.o ABSOLUTE
    ../clib/printf.c                         0x00000000   Number         0  _printf_hex_ptr.o ABSOLUTE
    ../clib/printf.c                         0x00000000   Number         0  _printf_hex_int_ptr.o ABSOLUTE
    ../clib/printf.c                         0x00000000   Number         0  _printf_hex_ll_ptr.o ABSOLUTE
    ../clib/printf.c                         0x00000000   Number         0  _printf_hex_int_ll_ptr.o ABSOLUTE
    ../clib/printf.c                         0x00000000   Number         0  __printf_flags.o ABSOLUTE
    ../clib/printf.c                         0x00000000   Number         0  __printf_ss.o ABSOLUTE
    ../clib/printf.c                         0x00000000   Number         0  __printf_flags_ss.o ABSOLUTE
    ../clib/printf.c                         0x00000000   Number         0  __printf_wp.o ABSOLUTE
    ../clib/printf.c                         0x00000000   Number         0  __printf_flags_wp.o ABSOLUTE
    ../clib/printf.c                         0x00000000   Number         0  __printf_ss_wp.o ABSOLUTE
    ../clib/printf.c                         0x00000000   Number         0  __printf_flags_ss_wp.o ABSOLUTE
    ../clib/printf.c                         0x00000000   Number         0  _printf_intcommon.o ABSOLUTE
    ../clib/printf.c                         0x00000000   Number         0  _printf_fp_dec.o ABSOLUTE
    ../clib/printf.c                         0x00000000   Number         0  _printf_fp_dec_accurate.o ABSOLUTE
    ../clib/printf.c                         0x00000000   Number         0  _printf_fp_hex.o ABSOLUTE
    ../clib/printf.c                         0x00000000   Number         0  __printf_nopercent.o ABSOLUTE
    ../clib/printf.c                         0x00000000   Number         0  _printf_char.o ABSOLUTE
    ../clib/printf.c                         0x00000000   Number         0  _printf_wchar.o ABSOLUTE
    ../clib/printf.c                         0x00000000   Number         0  _printf_fp_infnan.o ABSOLUTE
    ../clib/printf_percent.s                 0x00000000   Number         0  _printf_c.o ABSOLUTE
    ../clib/printf_percent.s                 0x00000000   Number         0  _printf_s.o ABSOLUTE
    ../clib/printf_percent.s                 0x00000000   Number         0  _printf_n.o ABSOLUTE
    ../clib/printf_percent.s                 0x00000000   Number         0  _printf_x.o ABSOLUTE
    ../clib/printf_percent.s                 0x00000000   Number         0  _printf_p.o ABSOLUTE
    ../clib/printf_percent.s                 0x00000000   Number         0  _printf_o.o ABSOLUTE
    ../clib/printf_percent.s                 0x00000000   Number         0  _printf_i.o ABSOLUTE
    ../clib/printf_percent.s                 0x00000000   Number         0  _printf_d.o ABSOLUTE
    ../clib/printf_percent.s                 0x00000000   Number         0  _printf_u.o ABSOLUTE
    ../clib/printf_percent.s                 0x00000000   Number         0  _printf_f.o ABSOLUTE
    ../clib/printf_percent.s                 0x00000000   Number         0  _printf_e.o ABSOLUTE
    ../clib/printf_percent.s                 0x00000000   Number         0  _printf_g.o ABSOLUTE
    ../clib/printf_percent.s                 0x00000000   Number         0  _printf_a.o ABSOLUTE
    ../clib/printf_percent.s                 0x00000000   Number         0  _printf_percent.o ABSOLUTE
    ../clib/printf_percent.s                 0x00000000   Number         0  _printf_lli.o ABSOLUTE
    ../clib/printf_percent.s                 0x00000000   Number         0  _printf_lld.o ABSOLUTE
    ../clib/printf_percent.s                 0x00000000   Number         0  _printf_llu.o ABSOLUTE
    ../clib/printf_percent.s                 0x00000000   Number         0  _printf_ll.o ABSOLUTE
    ../clib/printf_percent.s                 0x00000000   Number         0  _printf_l.o ABSOLUTE
    ../clib/printf_percent.s                 0x00000000   Number         0  _printf_lc.o ABSOLUTE
    ../clib/printf_percent.s                 0x00000000   Number         0  _printf_ls.o ABSOLUTE
    ../clib/printf_percent.s                 0x00000000   Number         0  _printf_llo.o ABSOLUTE
    ../clib/printf_percent.s                 0x00000000   Number         0  _printf_llx.o ABSOLUTE
    ../clib/printf_percent.s                 0x00000000   Number         0  _printf_percent_end.o ABSOLUTE
    ../clib/signal.c                         0x00000000   Number         0  defsig_rtmem_outer.o ABSOLUTE
    ../clib/signal.c                         0x00000000   Number         0  defsig_rtmem_formal.o ABSOLUTE
    ../clib/signal.c                         0x00000000   Number         0  defsig_exit.o ABSOLUTE
    ../clib/signal.c                         0x00000000   Number         0  defsig_rtmem_inner.o ABSOLUTE
    ../clib/signal.c                         0x00000000   Number         0  __raise.o ABSOLUTE
    ../clib/signal.c                         0x00000000   Number         0  defsig_general.o ABSOLUTE
    ../clib/signal.c                         0x00000000   Number         0  defsig_abrt_inner.o ABSOLUTE
    ../clib/signal.c                         0x00000000   Number         0  defsig_fpe_inner.o ABSOLUTE
    ../clib/signal.c                         0x00000000   Number         0  defsig_rtred_inner.o ABSOLUTE
    ../clib/signal.c                         0x00000000   Number         0  defsig_stak_inner.o ABSOLUTE
    ../clib/signal.c                         0x00000000   Number         0  defsig_pvfn_inner.o ABSOLUTE
    ../clib/signal.c                         0x00000000   Number         0  defsig_cppl_inner.o ABSOLUTE
    ../clib/signal.c                         0x00000000   Number         0  defsig_segv_inner.o ABSOLUTE
    ../clib/signal.c                         0x00000000   Number         0  defsig_other.o ABSOLUTE
    ../clib/signal.s                         0x00000000   Number         0  defsig.o ABSOLUTE
    ../clib/stdlib.c                         0x00000000   Number         0  exit.o ABSOLUTE
    ../fplib/fpinit.s                        0x00000000   Number         0  fpinit.o ABSOLUTE
    ../fplib/fpinit_empty.s                  0x00000000   Number         0  fpinit_empty.o ABSOLUTE
    ../fplib/istatus.s                       0x00000000   Number         0  istatus.o ABSOLUTE
    ../fplib/printf1.s                       0x00000000   Number         0  printf1.o ABSOLUTE
    ../fplib/printf2.s                       0x00000000   Number         0  printf2.o ABSOLUTE
    ../fplib/printf2a.s                      0x00000000   Number         0  printf2a.o ABSOLUTE
    ../fplib/printf2b.s                      0x00000000   Number         0  printf2b.o ABSOLUTE
    ../fplib/usenofp.s                       0x00000000   Number         0  usenofp.o ABSOLUTE
    ../mathlib/fpclassify.c                  0x00000000   Number         0  fpclassify.o ABSOLUTE
    GPIO_STM32F10x.c                         0x00000000   Number         0  gpio_stm32f10x.o ABSOLUTE
    RTE/Device/STM32F103C8/startup_stm32f10x_md.s 0x00000000   Number         0  startup_stm32f10x_md.o ABSOLUTE
    dc.s                                     0x00000000   Number         0  dc.o ABSOLUTE
    main.c                                   0x00000000   Number         0  main.o ABSOLUTE
    misc.c                                   0x00000000   Number         0  misc.o ABSOLUTE
    stm32f10x_i2c.c                          0x00000000   Number         0  stm32f10x_i2c.o ABSOLUTE
    stm32f10x_rcc.c                          0x00000000   Number         0  stm32f10x_rcc.o ABSOLUTE
    system_stm32f10x.c                       0x00000000   Number         0  system_stm32f10x.o ABSOLUTE
    RESET                                    0x08000000   Section      236  startup_stm32f10x_md.o(RESET)
    !!!main                                  0x080000ec   Section        8  __main.o(!!!main)
    !!!scatter                               0x080000f4   Section       52  __scatter.o(!!!scatter)
    !!handler_zi                             0x08000128   Section       28  __scatter_zi.o(!!handler_zi)
    .ARM.Collect$$_printf_percent$$00000000  0x08000144   Section        0  _printf_percent.o(.ARM.Collect$$_printf_percent$$00000000)
    .ARM.Collect$$_printf_percent$$00000001  0x08000144   Section        6  _printf_n.o(.ARM.Collect$$_printf_percent$$00000001)
    .ARM.Collect$$_printf_percent$$00000002  0x0800014a   Section        6  _printf_p.o(.ARM.Collect$$_printf_percent$$00000002)
    .ARM.Collect$$_printf_percent$$00000003  0x08000150   Section        6  _printf_f.o(.ARM.Collect$$_printf_percent$$00000003)
    .ARM.Collect$$_printf_percent$$00000004  0x08000156   Section        6  _printf_e.o(.ARM.Collect$$_printf_percent$$00000004)
    .ARM.Collect$$_printf_percent$$00000005  0x0800015c   Section        6  _printf_g.o(.ARM.Collect$$_printf_percent$$00000005)
    .ARM.Collect$$_printf_percent$$00000006  0x08000162   Section        6  _printf_a.o(.ARM.Collect$$_printf_percent$$00000006)
    .ARM.Collect$$_printf_percent$$00000007  0x08000168   Section       10  _printf_ll.o(.ARM.Collect$$_printf_percent$$00000007)
    .ARM.Collect$$_printf_percent$$00000008  0x08000172   Section        6  _printf_i.o(.ARM.Collect$$_printf_percent$$00000008)
    .ARM.Collect$$_printf_percent$$00000009  0x08000178   Section        6  _printf_d.o(.ARM.Collect$$_printf_percent$$00000009)
    .ARM.Collect$$_printf_percent$$0000000A  0x0800017e   Section        6  _printf_u.o(.ARM.Collect$$_printf_percent$$0000000A)
    .ARM.Collect$$_printf_percent$$0000000B  0x08000184   Section        6  _printf_o.o(.ARM.Collect$$_printf_percent$$0000000B)
    .ARM.Collect$$_printf_percent$$0000000C  0x0800018a   Section        6  _printf_x.o(.ARM.Collect$$_printf_percent$$0000000C)
    .ARM.Collect$$_printf_percent$$0000000D  0x08000190   Section        6  _printf_lli.o(.ARM.Collect$$_printf_percent$$0000000D)
    .ARM.Collect$$_printf_percent$$0000000E  0x08000196   Section        6  _printf_lld.o(.ARM.Collect$$_printf_percent$$0000000E)
    .ARM.Collect$$_printf_percent$$0000000F  0x0800019c   Section        6  _printf_llu.o(.ARM.Collect$$_printf_percent$$0000000F)
    .ARM.Collect$$_printf_percent$$00000010  0x080001a2   Section        6  _printf_llo.o(.ARM.Collect$$_printf_percent$$00000010)
    .ARM.Collect$$_printf_percent$$00000011  0x080001a8   Section        6  _printf_llx.o(.ARM.Collect$$_printf_percent$$00000011)
    .ARM.Collect$$_printf_percent$$00000012  0x080001ae   Section       10  _printf_l.o(.ARM.Collect$$_printf_percent$$00000012)
    .ARM.Collect$$_printf_percent$$00000013  0x080001b8   Section        6  _printf_c.o(.ARM.Collect$$_printf_percent$$00000013)
    .ARM.Collect$$_printf_percent$$00000014  0x080001be   Section        6  _printf_s.o(.ARM.Collect$$_printf_percent$$00000014)
    .ARM.Collect$$_printf_percent$$00000015  0x080001c4   Section        6  _printf_lc.o(.ARM.Collect$$_printf_percent$$00000015)
    .ARM.Collect$$_printf_percent$$00000016  0x080001ca   Section        6  _printf_ls.o(.ARM.Collect$$_printf_percent$$00000016)
    .ARM.Collect$$_printf_percent$$00000017  0x080001d0   Section        4  _printf_percent_end.o(.ARM.Collect$$_printf_percent$$00000017)
    .ARM.Collect$$libinit$$00000000          0x080001d4   Section        2  libinit.o(.ARM.Collect$$libinit$$00000000)
    .ARM.Collect$$libinit$$00000002          0x080001d6   Section        0  libinit2.o(.ARM.Collect$$libinit$$00000002)
    .ARM.Collect$$libinit$$00000004          0x080001d6   Section        0  libinit2.o(.ARM.Collect$$libinit$$00000004)
    .ARM.Collect$$libinit$$0000000A          0x080001d6   Section        0  libinit2.o(.ARM.Collect$$libinit$$0000000A)
    .ARM.Collect$$libinit$$0000000C          0x080001d6   Section        0  libinit2.o(.ARM.Collect$$libinit$$0000000C)
    .ARM.Collect$$libinit$$0000000E          0x080001d6   Section        0  libinit2.o(.ARM.Collect$$libinit$$0000000E)
    .ARM.Collect$$libinit$$0000000F          0x080001d6   Section        6  libinit2.o(.ARM.Collect$$libinit$$0000000F)
    .ARM.Collect$$libinit$$00000011          0x080001dc   Section        0  libinit2.o(.ARM.Collect$$libinit$$00000011)
    .ARM.Collect$$libinit$$00000012          0x080001dc   Section       12  libinit2.o(.ARM.Collect$$libinit$$00000012)
    .ARM.Collect$$libinit$$00000013          0x080001e8   Section        0  libinit2.o(.ARM.Collect$$libinit$$00000013)
    .ARM.Collect$$libinit$$00000015          0x080001e8   Section        0  libinit2.o(.ARM.Collect$$libinit$$00000015)
    .ARM.Collect$$libinit$$00000016          0x080001e8   Section       10  libinit2.o(.ARM.Collect$$libinit$$00000016)
    .ARM.Collect$$libinit$$00000017          0x080001f2   Section        0  libinit2.o(.ARM.Collect$$libinit$$00000017)
    .ARM.Collect$$libinit$$00000019          0x080001f2   Section        0  libinit2.o(.ARM.Collect$$libinit$$00000019)
    .ARM.Collect$$libinit$$0000001B          0x080001f2   Section        0  libinit2.o(.ARM.Collect$$libinit$$0000001B)
    .ARM.Collect$$libinit$$0000001D          0x080001f2   Section        0  libinit2.o(.ARM.Collect$$libinit$$0000001D)
    .ARM.Collect$$libinit$$0000001F          0x080001f2   Section        0  libinit2.o(.ARM.Collect$$libinit$$0000001F)
    .ARM.Collect$$libinit$$00000021          0x080001f2   Section        0  libinit2.o(.ARM.Collect$$libinit$$00000021)
    .ARM.Collect$$libinit$$00000023          0x080001f2   Section        0  libinit2.o(.ARM.Collect$$libinit$$00000023)
    .ARM.Collect$$libinit$$00000025          0x080001f2   Section        0  libinit2.o(.ARM.Collect$$libinit$$00000025)
    .ARM.Collect$$libinit$$00000027          0x080001f2   Section        8  libinit2.o(.ARM.Collect$$libinit$$00000027)
    .ARM.Collect$$libinit$$0000002E          0x080001fa   Section        0  libinit2.o(.ARM.Collect$$libinit$$0000002E)
    .ARM.Collect$$libinit$$00000030          0x080001fa   Section        0  libinit2.o(.ARM.Collect$$libinit$$00000030)
    .ARM.Collect$$libinit$$00000032          0x080001fa   Section        0  libinit2.o(.ARM.Collect$$libinit$$00000032)
    .ARM.Collect$$libinit$$00000033          0x080001fa   Section        2  libinit2.o(.ARM.Collect$$libinit$$00000033)
    .ARM.Collect$$libshutdown$$00000000      0x080001fc   Section        2  libshutdown.o(.ARM.Collect$$libshutdown$$00000000)
    .ARM.Collect$$libshutdown$$00000002      0x080001fe   Section        0  libshutdown2.o(.ARM.Collect$$libshutdown$$00000002)
    .ARM.Collect$$libshutdown$$00000004      0x080001fe   Section        0  libshutdown2.o(.ARM.Collect$$libshutdown$$00000004)
    .ARM.Collect$$libshutdown$$00000007      0x080001fe   Section        0  libshutdown2.o(.ARM.Collect$$libshutdown$$00000007)
    .ARM.Collect$$libshutdown$$0000000A      0x080001fe   Section        0  libshutdown2.o(.ARM.Collect$$libshutdown$$0000000A)
    .ARM.Collect$$libshutdown$$0000000C      0x080001fe   Section        0  libshutdown2.o(.ARM.Collect$$libshutdown$$0000000C)
    .ARM.Collect$$libshutdown$$0000000F      0x080001fe   Section        0  libshutdown2.o(.ARM.Collect$$libshutdown$$0000000F)
    .ARM.Collect$$libshutdown$$00000010      0x080001fe   Section        2  libshutdown2.o(.ARM.Collect$$libshutdown$$00000010)
    .ARM.Collect$$rtentry$$00000000          0x08000200   Section        0  __rtentry.o(.ARM.Collect$$rtentry$$00000000)
    .ARM.Collect$$rtentry$$00000002          0x08000200   Section        0  __rtentry2.o(.ARM.Collect$$rtentry$$00000002)
    .ARM.Collect$$rtentry$$00000004          0x08000200   Section        6  __rtentry4.o(.ARM.Collect$$rtentry$$00000004)
    .ARM.Collect$$rtentry$$00000009          0x08000206   Section        0  __rtentry2.o(.ARM.Collect$$rtentry$$00000009)
    .ARM.Collect$$rtentry$$0000000A          0x08000206   Section        4  __rtentry2.o(.ARM.Collect$$rtentry$$0000000A)
    .ARM.Collect$$rtentry$$0000000C          0x0800020a   Section        0  __rtentry2.o(.ARM.Collect$$rtentry$$0000000C)
    .ARM.Collect$$rtentry$$0000000D          0x0800020a   Section        8  __rtentry2.o(.ARM.Collect$$rtentry$$0000000D)
    .ARM.Collect$$rtexit$$00000000           0x08000212   Section        2  rtexit.o(.ARM.Collect$$rtexit$$00000000)
    .ARM.Collect$$rtexit$$00000002           0x08000214   Section        0  rtexit2.o(.ARM.Collect$$rtexit$$00000002)
    .ARM.Collect$$rtexit$$00000003           0x08000214   Section        4  rtexit2.o(.ARM.Collect$$rtexit$$00000003)
    .ARM.Collect$$rtexit$$00000004           0x08000218   Section        6  rtexit2.o(.ARM.Collect$$rtexit$$00000004)
    .emb_text                                0x08000220   Section        4  argv_veneer.o(.emb_text)
    .text                                    0x08000224   Section       64  startup_stm32f10x_md.o(.text)
    .text                                    0x08000264   Section        0  sprintf.o(.text)
    .text                                    0x08000290   Section        0  heapauxi.o(.text)
    .text                                    0x08000296   Section        0  _printf_pad.o(.text)
    .text                                    0x080002e4   Section        0  _printf_truncate.o(.text)
    .text                                    0x08000308   Section        0  _printf_str.o(.text)
    .text                                    0x0800035c   Section        0  _printf_dec.o(.text)
    .text                                    0x080003d4   Section        0  _printf_charcount.o(.text)
    _printf_input_char                       0x080003fd   Thumb Code    10  _printf_char_common.o(.text)
    .text                                    0x080003fc   Section        0  _printf_char_common.o(.text)
    .text                                    0x0800042c   Section        0  _sputc.o(.text)
    .text                                    0x08000438   Section        0  _printf_wctomb.o(.text)
    .text                                    0x080004f4   Section        0  _printf_longlong_dec.o(.text)
    _printf_longlong_oct_internal            0x08000571   Thumb Code     0  _printf_oct_int_ll.o(.text)
    .text                                    0x08000570   Section        0  _printf_oct_int_ll.o(.text)
    _printf_hex_common                       0x080005e1   Thumb Code     0  _printf_hex_int_ll_ptr.o(.text)
    .text                                    0x080005e0   Section        0  _printf_hex_int_ll_ptr.o(.text)
    .text                                    0x08000674   Section        0  __printf_flags_ss_wp.o(.text)
    .text                                    0x080007fc   Section      138  lludiv10.o(.text)
    .text                                    0x08000886   Section        0  _printf_intcommon.o(.text)
    _fp_digits                               0x08000939   Thumb Code   432  _printf_fp_dec.o(.text)
    .text                                    0x08000938   Section        0  _printf_fp_dec.o(.text)
    .text                                    0x08000d54   Section        0  _printf_fp_hex.o(.text)
    .text                                    0x08001050   Section        0  _printf_char.o(.text)
    .text                                    0x0800107c   Section        0  _printf_wchar.o(.text)
    .text                                    0x080010a8   Section        0  _c16rtomb.o(.text)
    .text                                    0x080010f0   Section       74  sys_stackheap_outer.o(.text)
    .text                                    0x0800113c   Section       16  rt_ctype_table.o(.text)
    .text                                    0x0800114c   Section        8  rt_locale_intlibspace.o(.text)
    .text                                    0x08001154   Section        0  _printf_fp_infnan.o(.text)
    .text                                    0x080011d4   Section        0  bigflt0.o(.text)
    .text                                    0x080012b8   Section        0  exit.o(.text)
    .text                                    0x080012cc   Section        8  libspace.o(.text)
    .text                                    0x080012d4   Section      128  strcmpv7m.o(.text)
    .text                                    0x08001354   Section        0  sys_exit.o(.text)
    .text                                    0x08001360   Section        0  _get_argv_nomalloc.o(.text)
    .text                                    0x0800148e   Section        0  sys_command.o(.text)
    .text                                    0x080014a6   Section        2  use_no_semi.o(.text)
    .text                                    0x080014a8   Section        0  indicate_semi.o(.text)
    .text                                    0x080014a8   Section        0  hrguard.o(.text)
    .text                                    0x080014ac   Section        0  defsig_rtmem_outer.o(.text)
    .text                                    0x080014ba   Section        0  defsig_exit.o(.text)
    .text                                    0x080014c4   Section        0  defsig_rtmem_inner.o(.text)
    .text                                    0x08001514   Section        0  defsig_general.o(.text)
    .text                                    0x08001546   Section        0  sys_wrch.o(.text)
    [Anonymous Symbol]                       0x08001554   Section        0  main.o(.text.BCD_to_DEC)
    [Anonymous Symbol]                       0x08001574   Section        0  main.o(.text.Delay_Ms)
    [Anonymous Symbol]                       0x080015dc   Section        0  main.o(.text.GPIO_Conf)
    [Anonymous Symbol]                       0x08001628   Section        0  main.o(.text.GetTime)
    [Anonymous Symbol]                       0x08001668   Section        0  main.o(.text.I2C_Receive_Data)
    [Anonymous Symbol]                       0x080017a4   Section        0  main.o(.text.I2C_SentData)
    [Anonymous Symbol]                       0x080018b8   Section        0  main.o(.text.I2C_Setup)
    SetSysClock                              0x08001915   Thumb Code     8  system_stm32f10x.o(.text.SetSysClock)
    [Anonymous Symbol]                       0x08001914   Section        0  system_stm32f10x.o(.text.SetSysClock)
    SetSysClockTo72                          0x0800191d   Thumb Code   290  system_stm32f10x.o(.text.SetSysClockTo72)
    [Anonymous Symbol]                       0x0800191c   Section        0  system_stm32f10x.o(.text.SetSysClockTo72)
    [Anonymous Symbol]                       0x08001a40   Section        0  main.o(.text.SetTime)
    [Anonymous Symbol]                       0x08001aac   Section        0  system_stm32f10x.o(.text.SystemInit)
    [Anonymous Symbol]                       0x08001b14   Section        0  main.o(.text.UART_Conf)
    [Anonymous Symbol]                       0x08001b5c   Section        0  main.o(.text.Write_Data)
    [Anonymous Symbol]                       0x08001b8c   Section        0  main.o(.text.Write_String)
    [Anonymous Symbol]                       0x08001bbc   Section        0  main.o(.text.main)
    CL$$btod_d2e                             0x08001c3c   Section       62  btod.o(CL$$btod_d2e)
    CL$$btod_d2e_denorm_low                  0x08001c7a   Section       70  btod.o(CL$$btod_d2e_denorm_low)
    CL$$btod_d2e_norm_op1                    0x08001cc0   Section       96  btod.o(CL$$btod_d2e_norm_op1)
    CL$$btod_div_common                      0x08001d20   Section      824  btod.o(CL$$btod_div_common)
    CL$$btod_e2e                             0x08002058   Section      220  btod.o(CL$$btod_e2e)
    CL$$btod_ediv                            0x08002134   Section       42  btod.o(CL$$btod_ediv)
    CL$$btod_emul                            0x0800215e   Section       42  btod.o(CL$$btod_emul)
    CL$$btod_mult_common                     0x08002188   Section      580  btod.o(CL$$btod_mult_common)
    i.__ARM_fpclassify                       0x080023cc   Section        0  fpclassify.o(i.__ARM_fpclassify)
    i._is_digit                              0x080023f4   Section        0  __printf_wp.o(i._is_digit)
    locale$$code                             0x08002404   Section       44  lc_numeric_c.o(locale$$code)
    locale$$code                             0x08002430   Section       44  lc_ctype_c.o(locale$$code)
    x$fpl$printf1                            0x0800245c   Section        4  printf1.o(x$fpl$printf1)
    x$fpl$printf2                            0x08002460   Section        4  printf2.o(x$fpl$printf2)
    initial_mbstate                          0x08002464   Data           8  _printf_wctomb.o(.constdata)
    .constdata                               0x08002464   Section        8  _printf_wctomb.o(.constdata)
    x$fpl$usenofp                            0x08002464   Section        0  usenofp.o(x$fpl$usenofp)
    uc_hextab                                0x0800246c   Data          20  _printf_hex_int_ll_ptr.o(.constdata)
    .constdata                               0x0800246c   Section       40  _printf_hex_int_ll_ptr.o(.constdata)
    lc_hextab                                0x08002480   Data          20  _printf_hex_int_ll_ptr.o(.constdata)
    maptable                                 0x08002494   Data          17  __printf_flags_ss_wp.o(.constdata)
    .constdata                               0x08002494   Section       17  __printf_flags_ss_wp.o(.constdata)
    lc_hextab                                0x080024a5   Data          19  _printf_fp_hex.o(.constdata)
    .constdata                               0x080024a5   Section       38  _printf_fp_hex.o(.constdata)
    uc_hextab                                0x080024b8   Data          19  _printf_fp_hex.o(.constdata)
    tenpwrs_x                                0x080024cc   Data          60  bigflt0.o(.constdata)
    .constdata                               0x080024cc   Section      148  bigflt0.o(.constdata)
    tenpwrs_i                                0x08002508   Data          64  bigflt0.o(.constdata)
    .L.str                                   0x08002560   Data          23  main.o(.rodata.str1.1)
    [Anonymous Symbol]                       0x08002560   Section        0  main.o(.rodata.str1.1)
    locale$$data                             0x08002588   Section       28  lc_numeric_c.o(locale$$data)
    __lcnum_c_name                           0x0800258c   Data           2  lc_numeric_c.o(locale$$data)
    __lcnum_c_start                          0x08002594   Data           0  lc_numeric_c.o(locale$$data)
    __lcnum_c_point                          0x080025a0   Data           0  lc_numeric_c.o(locale$$data)
    __lcnum_c_thousands                      0x080025a2   Data           0  lc_numeric_c.o(locale$$data)
    __lcnum_c_grouping                       0x080025a3   Data           0  lc_numeric_c.o(locale$$data)
    __lcnum_c_end                            0x080025a4   Data           0  lc_numeric_c.o(locale$$data)
    locale$$data                             0x080025a4   Section      272  lc_ctype_c.o(locale$$data)
    __lcctype_c_name                         0x080025a8   Data           2  lc_ctype_c.o(locale$$data)
    __lcctype_c_start                        0x080025b0   Data           0  lc_ctype_c.o(locale$$data)
    __lcctype_c_end                          0x080026b4   Data           0  lc_ctype_c.o(locale$$data)
    .bss                                     0x20000000   Section       96  libspace.o(.bss)
    Heap_Mem                                 0x20000060   Data         512  startup_stm32f10x_md.o(HEAP)
    HEAP                                     0x20000060   Section      512  startup_stm32f10x_md.o(HEAP)
    Stack_Mem                                0x20000260   Data        1024  startup_stm32f10x_md.o(STACK)
    STACK                                    0x20000260   Section     1024  startup_stm32f10x_md.o(STACK)
    __initial_sp                             0x20000660   Data           0  startup_stm32f10x_md.o(STACK)

    Global Symbols

    Symbol Name                              Value     Ov Type        Size  Object(Section)

    BuildAttributes$$THM_ISAv4$P$D$K$B$S$PE$A:L22UL41UL21$X:L11$S22US41US21$IEEE1$IW$~IW$USESV6$~STKCKD$USESV7$~SHL$OTIME$ROPI$IEEEJ$EBA8$UX$STANDARDLIB$REQ8$PRES8$EABIv2 0x00000000   Number         0  anon$$obj.o ABSOLUTE
    __fp_init_empty                          0x00000000   Number         0  fpinit_empty.o ABSOLUTE
    _printf_flags                            0x00000000   Number         0  printf_stubs.o ABSOLUTE
    _printf_return_value                     0x00000000   Number         0  printf_stubs.o ABSOLUTE
    _printf_sizespec                         0x00000000   Number         0  printf_stubs.o ABSOLUTE
    _printf_widthprec                        0x00000000   Number         0  printf_stubs.o ABSOLUTE
    __ARM_exceptions_init                     - Undefined Weak Reference
    __alloca_initialize                       - Undefined Weak Reference
    __arm_preinit_                            - Undefined Weak Reference
    __cpp_initialize__aeabi_                  - Undefined Weak Reference
    __cxa_finalize                            - Undefined Weak Reference
    __sigvec_lookup                           - Undefined Weak Reference
    _atexit_init                              - Undefined Weak Reference
    _call_atexit_fns                          - Undefined Weak Reference
    _clock_init                               - Undefined Weak Reference
    _fp_trap_init                             - Undefined Weak Reference
    _fp_trap_shutdown                         - Undefined Weak Reference
    _get_lc_collate                           - Undefined Weak Reference
    _get_lc_monetary                          - Undefined Weak Reference
    _get_lc_time                              - Undefined Weak Reference
    _getenv_init                              - Undefined Weak Reference
    _handle_redirection                       - Undefined Weak Reference
    _init_alloc                               - Undefined Weak Reference
    _init_user_alloc                          - Undefined Weak Reference
    _initio                                   - Undefined Weak Reference
    _printf_mbtowc                            - Undefined Weak Reference
    _printf_wc                                - Undefined Weak Reference
    _rand_init                                - Undefined Weak Reference
    _signal_finish                            - Undefined Weak Reference
    _signal_init                              - Undefined Weak Reference
    _terminate_alloc                          - Undefined Weak Reference
    _terminate_user_alloc                     - Undefined Weak Reference
    _terminateio                              - Undefined Weak Reference
    __Vectors_Size                           0x000000ec   Number         0  startup_stm32f10x_md.o ABSOLUTE
    __Vectors                                0x08000000   Data           4  startup_stm32f10x_md.o(RESET)
    __Vectors_End                            0x080000ec   Data           0  startup_stm32f10x_md.o(RESET)
    __main                                   0x080000ed   Thumb Code     8  __main.o(!!!main)
    __scatterload                            0x080000f5   Thumb Code     0  __scatter.o(!!!scatter)
    __scatterload_rt2                        0x080000f5   Thumb Code    44  __scatter.o(!!!scatter)
    __scatterload_rt2_thumb_only             0x080000f5   Thumb Code     0  __scatter.o(!!!scatter)
    __scatterload_null                       0x08000103   Thumb Code     0  __scatter.o(!!!scatter)
    __scatterload_zeroinit                   0x08000129   Thumb Code    28  __scatter_zi.o(!!handler_zi)
    _printf_n                                0x08000145   Thumb Code     0  _printf_n.o(.ARM.Collect$$_printf_percent$$00000001)
    _printf_percent                          0x08000145   Thumb Code     0  _printf_percent.o(.ARM.Collect$$_printf_percent$$00000000)
    _printf_p                                0x0800014b   Thumb Code     0  _printf_p.o(.ARM.Collect$$_printf_percent$$00000002)
    _printf_f                                0x08000151   Thumb Code     0  _printf_f.o(.ARM.Collect$$_printf_percent$$00000003)
    _printf_e                                0x08000157   Thumb Code     0  _printf_e.o(.ARM.Collect$$_printf_percent$$00000004)
    _printf_g                                0x0800015d   Thumb Code     0  _printf_g.o(.ARM.Collect$$_printf_percent$$00000005)
    _printf_a                                0x08000163   Thumb Code     0  _printf_a.o(.ARM.Collect$$_printf_percent$$00000006)
    _printf_ll                               0x08000169   Thumb Code     0  _printf_ll.o(.ARM.Collect$$_printf_percent$$00000007)
    _printf_i                                0x08000173   Thumb Code     0  _printf_i.o(.ARM.Collect$$_printf_percent$$00000008)
    _printf_d                                0x08000179   Thumb Code     0  _printf_d.o(.ARM.Collect$$_printf_percent$$00000009)
    _printf_u                                0x0800017f   Thumb Code     0  _printf_u.o(.ARM.Collect$$_printf_percent$$0000000A)
    _printf_o                                0x08000185   Thumb Code     0  _printf_o.o(.ARM.Collect$$_printf_percent$$0000000B)
    _printf_x                                0x0800018b   Thumb Code     0  _printf_x.o(.ARM.Collect$$_printf_percent$$0000000C)
    _printf_lli                              0x08000191   Thumb Code     0  _printf_lli.o(.ARM.Collect$$_printf_percent$$0000000D)
    _printf_lld                              0x08000197   Thumb Code     0  _printf_lld.o(.ARM.Collect$$_printf_percent$$0000000E)
    _printf_llu                              0x0800019d   Thumb Code     0  _printf_llu.o(.ARM.Collect$$_printf_percent$$0000000F)
    _printf_llo                              0x080001a3   Thumb Code     0  _printf_llo.o(.ARM.Collect$$_printf_percent$$00000010)
    _printf_llx                              0x080001a9   Thumb Code     0  _printf_llx.o(.ARM.Collect$$_printf_percent$$00000011)
    _printf_l                                0x080001af   Thumb Code     0  _printf_l.o(.ARM.Collect$$_printf_percent$$00000012)
    _printf_c                                0x080001b9   Thumb Code     0  _printf_c.o(.ARM.Collect$$_printf_percent$$00000013)
    _printf_s                                0x080001bf   Thumb Code     0  _printf_s.o(.ARM.Collect$$_printf_percent$$00000014)
    _printf_lc                               0x080001c5   Thumb Code     0  _printf_lc.o(.ARM.Collect$$_printf_percent$$00000015)
    _printf_ls                               0x080001cb   Thumb Code     0  _printf_ls.o(.ARM.Collect$$_printf_percent$$00000016)
    _printf_percent_end                      0x080001d1   Thumb Code     0  _printf_percent_end.o(.ARM.Collect$$_printf_percent$$00000017)
    __rt_lib_init                            0x080001d5   Thumb Code     0  libinit.o(.ARM.Collect$$libinit$$00000000)
    __rt_lib_init_fp_1                       0x080001d7   Thumb Code     0  libinit2.o(.ARM.Collect$$libinit$$00000002)
    __rt_lib_init_heap_1                     0x080001d7   Thumb Code     0  libinit2.o(.ARM.Collect$$libinit$$0000000A)
    __rt_lib_init_lc_common                  0x080001d7   Thumb Code     0  libinit2.o(.ARM.Collect$$libinit$$0000000F)
    __rt_lib_init_preinit_1                  0x080001d7   Thumb Code     0  libinit2.o(.ARM.Collect$$libinit$$00000004)
    __rt_lib_init_rand_1                     0x080001d7   Thumb Code     0  libinit2.o(.ARM.Collect$$libinit$$0000000E)
    __rt_lib_init_user_alloc_1               0x080001d7   Thumb Code     0  libinit2.o(.ARM.Collect$$libinit$$0000000C)
    __rt_lib_init_lc_collate_1               0x080001dd   Thumb Code     0  libinit2.o(.ARM.Collect$$libinit$$00000011)
    __rt_lib_init_lc_ctype_2                 0x080001dd   Thumb Code     0  libinit2.o(.ARM.Collect$$libinit$$00000012)
    __rt_lib_init_lc_ctype_1                 0x080001e9   Thumb Code     0  libinit2.o(.ARM.Collect$$libinit$$00000013)
    __rt_lib_init_lc_monetary_1              0x080001e9   Thumb Code     0  libinit2.o(.ARM.Collect$$libinit$$00000015)
    __rt_lib_init_lc_numeric_2               0x080001e9   Thumb Code     0  libinit2.o(.ARM.Collect$$libinit$$00000016)
    __rt_lib_init_argv_1                     0x080001f3   Thumb Code     0  libinit2.o(.ARM.Collect$$libinit$$00000027)
    __rt_lib_init_atexit_1                   0x080001f3   Thumb Code     0  libinit2.o(.ARM.Collect$$libinit$$0000001B)
    __rt_lib_init_clock_1                    0x080001f3   Thumb Code     0  libinit2.o(.ARM.Collect$$libinit$$00000021)
    __rt_lib_init_fp_trap_1                  0x080001f3   Thumb Code     0  libinit2.o(.ARM.Collect$$libinit$$0000001F)
    __rt_lib_init_getenv_1                   0x080001f3   Thumb Code     0  libinit2.o(.ARM.Collect$$libinit$$00000023)
    __rt_lib_init_heapregion_libspace_used   0x080001f3   Thumb Code     0  libinit2.o(.ARM.Collect$$libinit$$00000027)
    __rt_lib_init_lc_numeric_1               0x080001f3   Thumb Code     0  libinit2.o(.ARM.Collect$$libinit$$00000017)
    __rt_lib_init_lc_time_1                  0x080001f3   Thumb Code     0  libinit2.o(.ARM.Collect$$libinit$$00000019)
    __rt_lib_init_signal_1                   0x080001f3   Thumb Code     0  libinit2.o(.ARM.Collect$$libinit$$0000001D)
    __rt_lib_init_stdio_1                    0x080001f3   Thumb Code     0  libinit2.o(.ARM.Collect$$libinit$$00000025)
    __rt_lib_init_alloca_1                   0x080001fb   Thumb Code     0  libinit2.o(.ARM.Collect$$libinit$$0000002E)
    __rt_lib_init_cpp_1                      0x080001fb   Thumb Code     0  libinit2.o(.ARM.Collect$$libinit$$00000032)
    __rt_lib_init_exceptions_1               0x080001fb   Thumb Code     0  libinit2.o(.ARM.Collect$$libinit$$00000030)
    __rt_lib_init_return                     0x080001fb   Thumb Code     0  libinit2.o(.ARM.Collect$$libinit$$00000033)
    __rt_lib_shutdown                        0x080001fd   Thumb Code     0  libshutdown.o(.ARM.Collect$$libshutdown$$00000000)
    __rt_lib_shutdown_cpp_1                  0x080001ff   Thumb Code     0  libshutdown2.o(.ARM.Collect$$libshutdown$$00000002)
    __rt_lib_shutdown_fp_trap_1              0x080001ff   Thumb Code     0  libshutdown2.o(.ARM.Collect$$libshutdown$$00000007)
    __rt_lib_shutdown_heap_1                 0x080001ff   Thumb Code     0  libshutdown2.o(.ARM.Collect$$libshutdown$$0000000F)
    __rt_lib_shutdown_return                 0x080001ff   Thumb Code     0  libshutdown2.o(.ARM.Collect$$libshutdown$$00000010)
    __rt_lib_shutdown_signal_1               0x080001ff   Thumb Code     0  libshutdown2.o(.ARM.Collect$$libshutdown$$0000000A)
    __rt_lib_shutdown_stdio_1                0x080001ff   Thumb Code     0  libshutdown2.o(.ARM.Collect$$libshutdown$$00000004)
    __rt_lib_shutdown_user_alloc_1           0x080001ff   Thumb Code     0  libshutdown2.o(.ARM.Collect$$libshutdown$$0000000C)
    __rt_entry                               0x08000201   Thumb Code     0  __rtentry.o(.ARM.Collect$$rtentry$$00000000)
    __rt_entry_presh_1                       0x08000201   Thumb Code     0  __rtentry2.o(.ARM.Collect$$rtentry$$00000002)
    __rt_entry_sh                            0x08000201   Thumb Code     0  __rtentry4.o(.ARM.Collect$$rtentry$$00000004)
    __rt_entry_li                            0x08000207   Thumb Code     0  __rtentry2.o(.ARM.Collect$$rtentry$$0000000A)
    __rt_entry_postsh_1                      0x08000207   Thumb Code     0  __rtentry2.o(.ARM.Collect$$rtentry$$00000009)
    __rt_entry_main                          0x0800020b   Thumb Code     0  __rtentry2.o(.ARM.Collect$$rtentry$$0000000D)
    __rt_entry_postli_1                      0x0800020b   Thumb Code     0  __rtentry2.o(.ARM.Collect$$rtentry$$0000000C)
    __rt_exit                                0x08000213   Thumb Code     0  rtexit.o(.ARM.Collect$$rtexit$$00000000)
    __rt_exit_ls                             0x08000215   Thumb Code     0  rtexit2.o(.ARM.Collect$$rtexit$$00000003)
    __rt_exit_prels_1                        0x08000215   Thumb Code     0  rtexit2.o(.ARM.Collect$$rtexit$$00000002)
    __rt_exit_exit                           0x08000219   Thumb Code     0  rtexit2.o(.ARM.Collect$$rtexit$$00000004)
    __ARM_argv_veneer                        0x08000221   Thumb Code     4  argv_veneer.o(.emb_text)
    Reset_Handler                            0x08000225   Thumb Code     8  startup_stm32f10x_md.o(.text)
    NMI_Handler                              0x0800022d   Thumb Code     2  startup_stm32f10x_md.o(.text)
    HardFault_Handler                        0x0800022f   Thumb Code     2  startup_stm32f10x_md.o(.text)
    MemManage_Handler                        0x08000231   Thumb Code     2  startup_stm32f10x_md.o(.text)
    BusFault_Handler                         0x08000233   Thumb Code     2  startup_stm32f10x_md.o(.text)
    UsageFault_Handler                       0x08000235   Thumb Code     2  startup_stm32f10x_md.o(.text)
    SVC_Handler                              0x08000237   Thumb Code     2  startup_stm32f10x_md.o(.text)
    DebugMon_Handler                         0x08000239   Thumb Code     2  startup_stm32f10x_md.o(.text)
    PendSV_Handler                           0x0800023b   Thumb Code     2  startup_stm32f10x_md.o(.text)
    SysTick_Handler                          0x0800023d   Thumb Code     2  startup_stm32f10x_md.o(.text)
    ADC1_2_IRQHandler                        0x0800023f   Thumb Code     0  startup_stm32f10x_md.o(.text)
    CAN1_RX1_IRQHandler                      0x0800023f   Thumb Code     0  startup_stm32f10x_md.o(.text)
    CAN1_SCE_IRQHandler                      0x0800023f   Thumb Code     0  startup_stm32f10x_md.o(.text)
    DMA1_Channel1_IRQHandler                 0x0800023f   Thumb Code     0  startup_stm32f10x_md.o(.text)
    DMA1_Channel2_IRQHandler                 0x0800023f   Thumb Code     0  startup_stm32f10x_md.o(.text)
    DMA1_Channel3_IRQHandler                 0x0800023f   Thumb Code     0  startup_stm32f10x_md.o(.text)
    DMA1_Channel4_IRQHandler                 0x0800023f   Thumb Code     0  startup_stm32f10x_md.o(.text)
    DMA1_Channel5_IRQHandler                 0x0800023f   Thumb Code     0  startup_stm32f10x_md.o(.text)
    DMA1_Channel6_IRQHandler                 0x0800023f   Thumb Code     0  startup_stm32f10x_md.o(.text)
    DMA1_Channel7_IRQHandler                 0x0800023f   Thumb Code     0  startup_stm32f10x_md.o(.text)
    EXTI0_IRQHandler                         0x0800023f   Thumb Code     0  startup_stm32f10x_md.o(.text)
    EXTI15_10_IRQHandler                     0x0800023f   Thumb Code     0  startup_stm32f10x_md.o(.text)
    EXTI1_IRQHandler                         0x0800023f   Thumb Code     0  startup_stm32f10x_md.o(.text)
    EXTI2_IRQHandler                         0x0800023f   Thumb Code     0  startup_stm32f10x_md.o(.text)
    EXTI3_IRQHandler                         0x0800023f   Thumb Code     0  startup_stm32f10x_md.o(.text)
    EXTI4_IRQHandler                         0x0800023f   Thumb Code     0  startup_stm32f10x_md.o(.text)
    EXTI9_5_IRQHandler                       0x0800023f   Thumb Code     0  startup_stm32f10x_md.o(.text)
    FLASH_IRQHandler                         0x0800023f   Thumb Code     0  startup_stm32f10x_md.o(.text)
    I2C1_ER_IRQHandler                       0x0800023f   Thumb Code     0  startup_stm32f10x_md.o(.text)
    I2C1_EV_IRQHandler                       0x0800023f   Thumb Code     0  startup_stm32f10x_md.o(.text)
    I2C2_ER_IRQHandler                       0x0800023f   Thumb Code     0  startup_stm32f10x_md.o(.text)
    I2C2_EV_IRQHandler                       0x0800023f   Thumb Code     0  startup_stm32f10x_md.o(.text)
    PVD_IRQHandler                           0x0800023f   Thumb Code     0  startup_stm32f10x_md.o(.text)
    RCC_IRQHandler                           0x0800023f   Thumb Code     0  startup_stm32f10x_md.o(.text)
    RTCAlarm_IRQHandler                      0x0800023f   Thumb Code     0  startup_stm32f10x_md.o(.text)
    RTC_IRQHandler                           0x0800023f   Thumb Code     0  startup_stm32f10x_md.o(.text)
    SPI1_IRQHandler                          0x0800023f   Thumb Code     0  startup_stm32f10x_md.o(.text)
    SPI2_IRQHandler                          0x0800023f   Thumb Code     0  startup_stm32f10x_md.o(.text)
    TAMPER_IRQHandler                        0x0800023f   Thumb Code     0  startup_stm32f10x_md.o(.text)
    TIM1_BRK_IRQHandler                      0x0800023f   Thumb Code     0  startup_stm32f10x_md.o(.text)
    TIM1_CC_IRQHandler                       0x0800023f   Thumb Code     0  startup_stm32f10x_md.o(.text)
    TIM1_TRG_COM_IRQHandler                  0x0800023f   Thumb Code     0  startup_stm32f10x_md.o(.text)
    TIM1_UP_IRQHandler                       0x0800023f   Thumb Code     0  startup_stm32f10x_md.o(.text)
    TIM2_IRQHandler                          0x0800023f   Thumb Code     0  startup_stm32f10x_md.o(.text)
    TIM3_IRQHandler                          0x0800023f   Thumb Code     0  startup_stm32f10x_md.o(.text)
    TIM4_IRQHandler                          0x0800023f   Thumb Code     0  startup_stm32f10x_md.o(.text)
    USART1_IRQHandler                        0x0800023f   Thumb Code     0  startup_stm32f10x_md.o(.text)
    USART2_IRQHandler                        0x0800023f   Thumb Code     0  startup_stm32f10x_md.o(.text)
    USART3_IRQHandler                        0x0800023f   Thumb Code     0  startup_stm32f10x_md.o(.text)
    USBWakeUp_IRQHandler                     0x0800023f   Thumb Code     0  startup_stm32f10x_md.o(.text)
    USB_HP_CAN1_TX_IRQHandler                0x0800023f   Thumb Code     0  startup_stm32f10x_md.o(.text)
    USB_LP_CAN1_RX0_IRQHandler               0x0800023f   Thumb Code     0  startup_stm32f10x_md.o(.text)
    WWDG_IRQHandler                          0x0800023f   Thumb Code     0  startup_stm32f10x_md.o(.text)
    __user_initial_stackheap                 0x08000241   Thumb Code     0  startup_stm32f10x_md.o(.text)
    sprintf                                  0x08000265   Thumb Code    38  sprintf.o(.text)
    __use_two_region_memory                  0x08000291   Thumb Code     2  heapauxi.o(.text)
    __rt_heap_escrow$2region                 0x08000293   Thumb Code     2  heapauxi.o(.text)
    __rt_heap_expand$2region                 0x08000295   Thumb Code     2  heapauxi.o(.text)
    _printf_pre_padding                      0x08000297   Thumb Code    44  _printf_pad.o(.text)
    _printf_post_padding                     0x080002c3   Thumb Code    34  _printf_pad.o(.text)
    _printf_truncate_signed                  0x080002e5   Thumb Code    18  _printf_truncate.o(.text)
    _printf_truncate_unsigned                0x080002f7   Thumb Code    18  _printf_truncate.o(.text)
    _printf_str                              0x08000309   Thumb Code    82  _printf_str.o(.text)
    _printf_int_dec                          0x0800035d   Thumb Code   104  _printf_dec.o(.text)
    _printf_charcount                        0x080003d5   Thumb Code    40  _printf_charcount.o(.text)
    _printf_char_common                      0x08000407   Thumb Code    32  _printf_char_common.o(.text)
    _sputc                                   0x0800042d   Thumb Code    10  _sputc.o(.text)
    _printf_wctomb                           0x08000439   Thumb Code   182  _printf_wctomb.o(.text)
    _printf_longlong_dec                     0x080004f5   Thumb Code   108  _printf_longlong_dec.o(.text)
    _printf_longlong_oct                     0x08000571   Thumb Code    68  _printf_oct_int_ll.o(.text)
    _printf_int_oct                          0x080005b5   Thumb Code    24  _printf_oct_int_ll.o(.text)
    _printf_ll_oct                           0x080005cd   Thumb Code    12  _printf_oct_int_ll.o(.text)
    _printf_longlong_hex                     0x080005e1   Thumb Code    86  _printf_hex_int_ll_ptr.o(.text)
    _printf_int_hex                          0x08000637   Thumb Code    28  _printf_hex_int_ll_ptr.o(.text)
    _printf_ll_hex                           0x08000653   Thumb Code    12  _printf_hex_int_ll_ptr.o(.text)
    _printf_hex_ptr                          0x0800065f   Thumb Code    18  _printf_hex_int_ll_ptr.o(.text)
    __printf                                 0x08000675   Thumb Code   388  __printf_flags_ss_wp.o(.text)
    _ll_udiv10                               0x080007fd   Thumb Code   138  lludiv10.o(.text)
    _printf_int_common                       0x08000887   Thumb Code   178  _printf_intcommon.o(.text)
    _printf_fp_dec_real                      0x08000ae9   Thumb Code   620  _printf_fp_dec.o(.text)
    _printf_fp_hex_real                      0x08000d55   Thumb Code   756  _printf_fp_hex.o(.text)
    _printf_cs_common                        0x08001051   Thumb Code    20  _printf_char.o(.text)
    _printf_char                             0x08001065   Thumb Code    16  _printf_char.o(.text)
    _printf_string                           0x08001075   Thumb Code     8  _printf_char.o(.text)
    _printf_lcs_common                       0x0800107d   Thumb Code    20  _printf_wchar.o(.text)
    _printf_wchar                            0x08001091   Thumb Code    16  _printf_wchar.o(.text)
    _printf_wstring                          0x080010a1   Thumb Code     8  _printf_wchar.o(.text)
    _c16rtomb                                0x080010a9   Thumb Code    72  _c16rtomb.o(.text)
    _wcrtomb                                 0x080010a9   Thumb Code     0  _c16rtomb.o(.text)
    __user_setup_stackheap                   0x080010f1   Thumb Code    74  sys_stackheap_outer.o(.text)
    __rt_ctype_table                         0x0800113d   Thumb Code    16  rt_ctype_table.o(.text)
    __rt_locale                              0x0800114d   Thumb Code     8  rt_locale_intlibspace.o(.text)
    _printf_fp_infnan                        0x08001155   Thumb Code   112  _printf_fp_infnan.o(.text)
    _btod_etento                             0x080011d5   Thumb Code   224  bigflt0.o(.text)
    exit                                     0x080012b9   Thumb Code    18  exit.o(.text)
    __user_libspace                          0x080012cd   Thumb Code     8  libspace.o(.text)
    __user_perproc_libspace                  0x080012cd   Thumb Code     0  libspace.o(.text)
    __user_perthread_libspace                0x080012cd   Thumb Code     0  libspace.o(.text)
    strcmp                                   0x080012d5   Thumb Code   128  strcmpv7m.o(.text)
    _sys_exit                                0x08001355   Thumb Code     8  sys_exit.o(.text)
    __argv_alloc                             0x08001361   Thumb Code    34  _get_argv_nomalloc.o(.text)
    __ARM_get_argv                           0x08001383   Thumb Code   268  _get_argv_nomalloc.o(.text)
    _sys_command_string                      0x0800148f   Thumb Code    24  sys_command.o(.text)
    __I$use$semihosting                      0x080014a7   Thumb Code     0  use_no_semi.o(.text)
    __use_no_semihosting_swi                 0x080014a7   Thumb Code     2  use_no_semi.o(.text)
    __semihosting_library_function           0x080014a9   Thumb Code     0  indicate_semi.o(.text)
    __use_no_heap_region                     0x080014a9   Thumb Code     2  hrguard.o(.text)
    __heap_region$guard                      0x080014ab   Thumb Code     2  hrguard.o(.text)
    __rt_SIGRTMEM                            0x080014ad   Thumb Code    14  defsig_rtmem_outer.o(.text)
    __sig_exit                               0x080014bb   Thumb Code    10  defsig_exit.o(.text)
    __rt_SIGRTMEM_inner                      0x080014c5   Thumb Code    22  defsig_rtmem_inner.o(.text)
    __default_signal_display                 0x08001515   Thumb Code    50  defsig_general.o(.text)
    _ttywrch                                 0x08001547   Thumb Code    14  sys_wrch.o(.text)
    BCD_to_DEC                               0x08001555   Thumb Code    32  main.o(.text.BCD_to_DEC)
    Delay_Ms                                 0x08001575   Thumb Code   102  main.o(.text.Delay_Ms)
    GPIO_Conf                                0x080015dd   Thumb Code    74  main.o(.text.GPIO_Conf)
    GetTime                                  0x08001629   Thumb Code    64  main.o(.text.GetTime)
    I2C_Receive_Data                         0x08001669   Thumb Code   314  main.o(.text.I2C_Receive_Data)
    I2C_SentData                             0x080017a5   Thumb Code   276  main.o(.text.I2C_SentData)
    I2C_Setup                                0x080018b9   Thumb Code    90  main.o(.text.I2C_Setup)
    SetTime                                  0x08001a41   Thumb Code   106  main.o(.text.SetTime)
    SystemInit                               0x08001aad   Thumb Code   102  system_stm32f10x.o(.text.SystemInit)
    UART_Conf                                0x08001b15   Thumb Code    72  main.o(.text.UART_Conf)
    Write_Data                               0x08001b5d   Thumb Code    48  main.o(.text.Write_Data)
    Write_String                             0x08001b8d   Thumb Code    46  main.o(.text.Write_String)
    main                                     0x08001bbd   Thumb Code   128  main.o(.text.main)
    _btod_d2e                                0x08001c3d   Thumb Code    62  btod.o(CL$$btod_d2e)
    _d2e_denorm_low                          0x08001c7b   Thumb Code    70  btod.o(CL$$btod_d2e_denorm_low)
    _d2e_norm_op1                            0x08001cc1   Thumb Code    96  btod.o(CL$$btod_d2e_norm_op1)
    __btod_div_common                        0x08001d21   Thumb Code   696  btod.o(CL$$btod_div_common)
    _e2e                                     0x08002059   Thumb Code   220  btod.o(CL$$btod_e2e)
    _btod_ediv                               0x08002135   Thumb Code    42  btod.o(CL$$btod_ediv)
    _btod_emul                               0x0800215f   Thumb Code    42  btod.o(CL$$btod_emul)
    __btod_mult_common                       0x08002189   Thumb Code   580  btod.o(CL$$btod_mult_common)
    __ARM_fpclassify                         0x080023cd   Thumb Code    40  fpclassify.o(i.__ARM_fpclassify)
    _is_digit                                0x080023f5   Thumb Code    14  __printf_wp.o(i._is_digit)
    _get_lc_numeric                          0x08002405   Thumb Code    44  lc_numeric_c.o(locale$$code)
    _get_lc_ctype                            0x08002431   Thumb Code    44  lc_ctype_c.o(locale$$code)
    _printf_fp_dec                           0x0800245d   Thumb Code     4  printf1.o(x$fpl$printf1)
    _printf_fp_hex                           0x08002461   Thumb Code     4  printf2.o(x$fpl$printf2)
    __I$use$fp                               0x08002464   Number         0  usenofp.o(x$fpl$usenofp)
    Region$$Table$$Base                      0x08002578   Number         0  anon$$obj.o(Region$$Table)
    Region$$Table$$Limit                     0x08002588   Number         0  anon$$obj.o(Region$$Table)
    __ctype                                  0x080025b1   Data           0  lc_ctype_c.o(locale$$data)
    __libspace_start                         0x20000000   Data          96  libspace.o(.bss)
    __temporary_stack_top$libspace           0x20000060   Data           0  libspace.o(.bss)



==============================================================================

Memory Map of the image

  Image Entry point : 0x080000ed

  Load Region LR_IROM1 (Base: 0x08000000, Size: 0x000026b4, Max: 0x00010000, ABSOLUTE)

    Execution Region ER_IROM1 (Exec base: 0x08000000, Load base: 0x08000000, Size: 0x000026b4, Max: 0x00010000, ABSOLUTE)

    Exec Addr    Load Addr    Size         Type   Attr      Idx    E Section Name        Object

    0x08000000   0x08000000   0x000000ec   Data   RO          213    RESET               startup_stm32f10x_md.o
    0x080000ec   0x080000ec   0x00000008   Code   RO          243  * !!!main             c_w.l(__main.o)
    0x080000f4   0x080000f4   0x00000034   Code   RO          578    !!!scatter          c_w.l(__scatter.o)
    0x08000128   0x08000128   0x0000001c   Code   RO          580    !!handler_zi        c_w.l(__scatter_zi.o)
    0x08000144   0x08000144   0x00000000   Code   RO          327    .ARM.Collect$$_printf_percent$$00000000  c_w.l(_printf_percent.o)
    0x08000144   0x08000144   0x00000006   Code   RO          316    .ARM.Collect$$_printf_percent$$00000001  c_w.l(_printf_n.o)
    0x0800014a   0x0800014a   0x00000006   Code   RO          318    .ARM.Collect$$_printf_percent$$00000002  c_w.l(_printf_p.o)
    0x08000150   0x08000150   0x00000006   Code   RO          323    .ARM.Collect$$_printf_percent$$00000003  c_w.l(_printf_f.o)
    0x08000156   0x08000156   0x00000006   Code   RO          324    .ARM.Collect$$_printf_percent$$00000004  c_w.l(_printf_e.o)
    0x0800015c   0x0800015c   0x00000006   Code   RO          325    .ARM.Collect$$_printf_percent$$00000005  c_w.l(_printf_g.o)
    0x08000162   0x08000162   0x00000006   Code   RO          326    .ARM.Collect$$_printf_percent$$00000006  c_w.l(_printf_a.o)
    0x08000168   0x08000168   0x0000000a   Code   RO          331    .ARM.Collect$$_printf_percent$$00000007  c_w.l(_printf_ll.o)
    0x08000172   0x08000172   0x00000006   Code   RO          320    .ARM.Collect$$_printf_percent$$00000008  c_w.l(_printf_i.o)
    0x08000178   0x08000178   0x00000006   Code   RO          321    .ARM.Collect$$_printf_percent$$00000009  c_w.l(_printf_d.o)
    0x0800017e   0x0800017e   0x00000006   Code   RO          322    .ARM.Collect$$_printf_percent$$0000000A  c_w.l(_printf_u.o)
    0x08000184   0x08000184   0x00000006   Code   RO          319    .ARM.Collect$$_printf_percent$$0000000B  c_w.l(_printf_o.o)
    0x0800018a   0x0800018a   0x00000006   Code   RO          317    .ARM.Collect$$_printf_percent$$0000000C  c_w.l(_printf_x.o)
    0x08000190   0x08000190   0x00000006   Code   RO          328    .ARM.Collect$$_printf_percent$$0000000D  c_w.l(_printf_lli.o)
    0x08000196   0x08000196   0x00000006   Code   RO          329    .ARM.Collect$$_printf_percent$$0000000E  c_w.l(_printf_lld.o)
    0x0800019c   0x0800019c   0x00000006   Code   RO          330    .ARM.Collect$$_printf_percent$$0000000F  c_w.l(_printf_llu.o)
    0x080001a2   0x080001a2   0x00000006   Code   RO          335    .ARM.Collect$$_printf_percent$$00000010  c_w.l(_printf_llo.o)
    0x080001a8   0x080001a8   0x00000006   Code   RO          336    .ARM.Collect$$_printf_percent$$00000011  c_w.l(_printf_llx.o)
    0x080001ae   0x080001ae   0x0000000a   Code   RO          332    .ARM.Collect$$_printf_percent$$00000012  c_w.l(_printf_l.o)
    0x080001b8   0x080001b8   0x00000006   Code   RO          314    .ARM.Collect$$_printf_percent$$00000013  c_w.l(_printf_c.o)
    0x080001be   0x080001be   0x00000006   Code   RO          315    .ARM.Collect$$_printf_percent$$00000014  c_w.l(_printf_s.o)
    0x080001c4   0x080001c4   0x00000006   Code   RO          333    .ARM.Collect$$_printf_percent$$00000015  c_w.l(_printf_lc.o)
    0x080001ca   0x080001ca   0x00000006   Code   RO          334    .ARM.Collect$$_printf_percent$$00000016  c_w.l(_printf_ls.o)
    0x080001d0   0x080001d0   0x00000004   Code   RO          377    .ARM.Collect$$_printf_percent$$00000017  c_w.l(_printf_percent_end.o)
    0x080001d4   0x080001d4   0x00000002   Code   RO          428    .ARM.Collect$$libinit$$00000000  c_w.l(libinit.o)
    0x080001d6   0x080001d6   0x00000000   Code   RO          447    .ARM.Collect$$libinit$$00000002  c_w.l(libinit2.o)
    0x080001d6   0x080001d6   0x00000000   Code   RO          449    .ARM.Collect$$libinit$$00000004  c_w.l(libinit2.o)
    0x080001d6   0x080001d6   0x00000000   Code   RO          452    .ARM.Collect$$libinit$$0000000A  c_w.l(libinit2.o)
    0x080001d6   0x080001d6   0x00000000   Code   RO          454    .ARM.Collect$$libinit$$0000000C  c_w.l(libinit2.o)
    0x080001d6   0x080001d6   0x00000000   Code   RO          456    .ARM.Collect$$libinit$$0000000E  c_w.l(libinit2.o)
    0x080001d6   0x080001d6   0x00000006   Code   RO          457    .ARM.Collect$$libinit$$0000000F  c_w.l(libinit2.o)
    0x080001dc   0x080001dc   0x00000000   Code   RO          459    .ARM.Collect$$libinit$$00000011  c_w.l(libinit2.o)
    0x080001dc   0x080001dc   0x0000000c   Code   RO          460    .ARM.Collect$$libinit$$00000012  c_w.l(libinit2.o)
    0x080001e8   0x080001e8   0x00000000   Code   RO          461    .ARM.Collect$$libinit$$00000013  c_w.l(libinit2.o)
    0x080001e8   0x080001e8   0x00000000   Code   RO          463    .ARM.Collect$$libinit$$00000015  c_w.l(libinit2.o)
    0x080001e8   0x080001e8   0x0000000a   Code   RO          464    .ARM.Collect$$libinit$$00000016  c_w.l(libinit2.o)
    0x080001f2   0x080001f2   0x00000000   Code   RO          465    .ARM.Collect$$libinit$$00000017  c_w.l(libinit2.o)
    0x080001f2   0x080001f2   0x00000000   Code   RO          467    .ARM.Collect$$libinit$$00000019  c_w.l(libinit2.o)
    0x080001f2   0x080001f2   0x00000000   Code   RO          469    .ARM.Collect$$libinit$$0000001B  c_w.l(libinit2.o)
    0x080001f2   0x080001f2   0x00000000   Code   RO          471    .ARM.Collect$$libinit$$0000001D  c_w.l(libinit2.o)
    0x080001f2   0x080001f2   0x00000000   Code   RO          473    .ARM.Collect$$libinit$$0000001F  c_w.l(libinit2.o)
    0x080001f2   0x080001f2   0x00000000   Code   RO          475    .ARM.Collect$$libinit$$00000021  c_w.l(libinit2.o)
    0x080001f2   0x080001f2   0x00000000   Code   RO          477    .ARM.Collect$$libinit$$00000023  c_w.l(libinit2.o)
    0x080001f2   0x080001f2   0x00000000   Code   RO          479    .ARM.Collect$$libinit$$00000025  c_w.l(libinit2.o)
    0x080001f2   0x080001f2   0x00000008   Code   RO          481    .ARM.Collect$$libinit$$00000027  c_w.l(libinit2.o)
    0x080001fa   0x080001fa   0x00000000   Code   RO          485    .ARM.Collect$$libinit$$0000002E  c_w.l(libinit2.o)
    0x080001fa   0x080001fa   0x00000000   Code   RO          487    .ARM.Collect$$libinit$$00000030  c_w.l(libinit2.o)
    0x080001fa   0x080001fa   0x00000000   Code   RO          489    .ARM.Collect$$libinit$$00000032  c_w.l(libinit2.o)
    0x080001fa   0x080001fa   0x00000002   Code   RO          490    .ARM.Collect$$libinit$$00000033  c_w.l(libinit2.o)
    0x080001fc   0x080001fc   0x00000002   Code   RO          514    .ARM.Collect$$libshutdown$$00000000  c_w.l(libshutdown.o)
    0x080001fe   0x080001fe   0x00000000   Code   RO          529    .ARM.Collect$$libshutdown$$00000002  c_w.l(libshutdown2.o)
    0x080001fe   0x080001fe   0x00000000   Code   RO          531    .ARM.Collect$$libshutdown$$00000004  c_w.l(libshutdown2.o)
    0x080001fe   0x080001fe   0x00000000   Code   RO          534    .ARM.Collect$$libshutdown$$00000007  c_w.l(libshutdown2.o)
    0x080001fe   0x080001fe   0x00000000   Code   RO          537    .ARM.Collect$$libshutdown$$0000000A  c_w.l(libshutdown2.o)
    0x080001fe   0x080001fe   0x00000000   Code   RO          539    .ARM.Collect$$libshutdown$$0000000C  c_w.l(libshutdown2.o)
    0x080001fe   0x080001fe   0x00000000   Code   RO          542    .ARM.Collect$$libshutdown$$0000000F  c_w.l(libshutdown2.o)
    0x080001fe   0x080001fe   0x00000002   Code   RO          543    .ARM.Collect$$libshutdown$$00000010  c_w.l(libshutdown2.o)
    0x08000200   0x08000200   0x00000000   Code   RO          245    .ARM.Collect$$rtentry$$00000000  c_w.l(__rtentry.o)
    0x08000200   0x08000200   0x00000000   Code   RO          346    .ARM.Collect$$rtentry$$00000002  c_w.l(__rtentry2.o)
    0x08000200   0x08000200   0x00000006   Code   RO          358    .ARM.Collect$$rtentry$$00000004  c_w.l(__rtentry4.o)
    0x08000206   0x08000206   0x00000000   Code   RO          348    .ARM.Collect$$rtentry$$00000009  c_w.l(__rtentry2.o)
    0x08000206   0x08000206   0x00000004   Code   RO          349    .ARM.Collect$$rtentry$$0000000A  c_w.l(__rtentry2.o)
    0x0800020a   0x0800020a   0x00000000   Code   RO          351    .ARM.Collect$$rtentry$$0000000C  c_w.l(__rtentry2.o)
    0x0800020a   0x0800020a   0x00000008   Code   RO          352    .ARM.Collect$$rtentry$$0000000D  c_w.l(__rtentry2.o)
    0x08000212   0x08000212   0x00000002   Code   RO          437    .ARM.Collect$$rtexit$$00000000  c_w.l(rtexit.o)
    0x08000214   0x08000214   0x00000000   Code   RO          492    .ARM.Collect$$rtexit$$00000002  c_w.l(rtexit2.o)
    0x08000214   0x08000214   0x00000004   Code   RO          493    .ARM.Collect$$rtexit$$00000003  c_w.l(rtexit2.o)
    0x08000218   0x08000218   0x00000006   Code   RO          494    .ARM.Collect$$rtexit$$00000004  c_w.l(rtexit2.o)
    0x0800021e   0x0800021e   0x00000002   PAD
    0x08000220   0x08000220   0x00000004   Code   RO          500    .emb_text           c_w.l(argv_veneer.o)
    0x08000224   0x08000224   0x00000040   Code   RO          214    .text               startup_stm32f10x_md.o
    0x08000264   0x08000264   0x0000002c   Code   RO          239    .text               c_w.l(sprintf.o)
    0x08000290   0x08000290   0x00000006   Code   RO          241    .text               c_w.l(heapauxi.o)
    0x08000296   0x08000296   0x0000004e   Code   RO          248    .text               c_w.l(_printf_pad.o)
    0x080002e4   0x080002e4   0x00000024   Code   RO          250    .text               c_w.l(_printf_truncate.o)
    0x08000308   0x08000308   0x00000052   Code   RO          252    .text               c_w.l(_printf_str.o)
    0x0800035a   0x0800035a   0x00000002   PAD
    0x0800035c   0x0800035c   0x00000078   Code   RO          254    .text               c_w.l(_printf_dec.o)
    0x080003d4   0x080003d4   0x00000028   Code   RO          256    .text               c_w.l(_printf_charcount.o)
    0x080003fc   0x080003fc   0x00000030   Code   RO          258    .text               c_w.l(_printf_char_common.o)
    0x0800042c   0x0800042c   0x0000000a   Code   RO          260    .text               c_w.l(_sputc.o)
    0x08000436   0x08000436   0x00000002   PAD
    0x08000438   0x08000438   0x000000bc   Code   RO          262    .text               c_w.l(_printf_wctomb.o)
    0x080004f4   0x080004f4   0x0000007c   Code   RO          265    .text               c_w.l(_printf_longlong_dec.o)
    0x08000570   0x08000570   0x00000070   Code   RO          271    .text               c_w.l(_printf_oct_int_ll.o)
    0x080005e0   0x080005e0   0x00000094   Code   RO          291    .text               c_w.l(_printf_hex_int_ll_ptr.o)
    0x08000674   0x08000674   0x00000188   Code   RO          311    .text               c_w.l(__printf_flags_ss_wp.o)
    0x080007fc   0x080007fc   0x0000008a   Code   RO          360    .text               c_w.l(lludiv10.o)
    0x08000886   0x08000886   0x000000b2   Code   RO          362    .text               c_w.l(_printf_intcommon.o)
    0x08000938   0x08000938   0x0000041c   Code   RO          364    .text               c_w.l(_printf_fp_dec.o)
    0x08000d54   0x08000d54   0x000002fc   Code   RO          368    .text               c_w.l(_printf_fp_hex.o)
    0x08001050   0x08001050   0x0000002c   Code   RO          373    .text               c_w.l(_printf_char.o)
    0x0800107c   0x0800107c   0x0000002c   Code   RO          375    .text               c_w.l(_printf_wchar.o)
    0x080010a8   0x080010a8   0x00000048   Code   RO          378    .text               c_w.l(_c16rtomb.o)
    0x080010f0   0x080010f0   0x0000004a   Code   RO          380    .text               c_w.l(sys_stackheap_outer.o)
    0x0800113a   0x0800113a   0x00000002   PAD
    0x0800113c   0x0800113c   0x00000010   Code   RO          382    .text               c_w.l(rt_ctype_table.o)
    0x0800114c   0x0800114c   0x00000008   Code   RO          387    .text               c_w.l(rt_locale_intlibspace.o)
    0x08001154   0x08001154   0x00000080   Code   RO          389    .text               c_w.l(_printf_fp_infnan.o)
    0x080011d4   0x080011d4   0x000000e4   Code   RO          391    .text               c_w.l(bigflt0.o)
    0x080012b8   0x080012b8   0x00000012   Code   RO          421    .text               c_w.l(exit.o)
    0x080012ca   0x080012ca   0x00000002   PAD
    0x080012cc   0x080012cc   0x00000008   Code   RO          434    .text               c_w.l(libspace.o)
    0x080012d4   0x080012d4   0x00000080   Code   RO          444    .text               c_w.l(strcmpv7m.o)
    0x08001354   0x08001354   0x0000000c   Code   RO          504    .text               c_w.l(sys_exit.o)
    0x08001360   0x08001360   0x0000012e   Code   RO          510    .text               c_w.l(_get_argv_nomalloc.o)
    0x0800148e   0x0800148e   0x00000018   Code   RO          515    .text               c_w.l(sys_command.o)
    0x080014a6   0x080014a6   0x00000002   Code   RO          519    .text               c_w.l(use_no_semi.o)
    0x080014a8   0x080014a8   0x00000000   Code   RO          521    .text               c_w.l(indicate_semi.o)
    0x080014a8   0x080014a8   0x00000004   Code   RO          522    .text               c_w.l(hrguard.o)
    0x080014ac   0x080014ac   0x0000000e   Code   RO          524    .text               c_w.l(defsig_rtmem_outer.o)
    0x080014ba   0x080014ba   0x0000000a   Code   RO          546    .text               c_w.l(defsig_exit.o)
    0x080014c4   0x080014c4   0x00000050   Code   RO          548    .text               c_w.l(defsig_rtmem_inner.o)
    0x08001514   0x08001514   0x00000032   Code   RO          552    .text               c_w.l(defsig_general.o)
    0x08001546   0x08001546   0x0000000e   Code   RO          554    .text               c_w.l(sys_wrch.o)
    0x08001554   0x08001554   0x00000020   Code   RO           22    .text.BCD_to_DEC    main.o
    0x08001574   0x08001574   0x00000066   Code   RO           16    .text.Delay_Ms      main.o
    0x080015da   0x080015da   0x00000002   PAD
    0x080015dc   0x080015dc   0x0000004a   Code   RO            8    .text.GPIO_Conf     main.o
    0x08001626   0x08001626   0x00000002   PAD
    0x08001628   0x08001628   0x00000040   Code   RO           12    .text.GetTime       main.o
    0x08001668   0x08001668   0x0000013a   Code   RO           20    .text.I2C_Receive_Data  main.o
    0x080017a2   0x080017a2   0x00000002   PAD
    0x080017a4   0x080017a4   0x00000114   Code   RO           18    .text.I2C_SentData  main.o
    0x080018b8   0x080018b8   0x0000005a   Code   RO            4    .text.I2C_Setup     main.o
    0x08001912   0x08001912   0x00000002   PAD
    0x08001914   0x08001914   0x00000008   Code   RO          223    .text.SetSysClock   system_stm32f10x.o
    0x0800191c   0x0800191c   0x00000122   Code   RO          227    .text.SetSysClockTo72  system_stm32f10x.o
    0x08001a3e   0x08001a3e   0x00000002   PAD
    0x08001a40   0x08001a40   0x0000006a   Code   RO           10    .text.SetTime       main.o
    0x08001aaa   0x08001aaa   0x00000002   PAD
    0x08001aac   0x08001aac   0x00000066   Code   RO          221    .text.SystemInit    system_stm32f10x.o
    0x08001b12   0x08001b12   0x00000002   PAD
    0x08001b14   0x08001b14   0x00000048   Code   RO            6    .text.UART_Conf     main.o
    0x08001b5c   0x08001b5c   0x00000030   Code   RO           24    .text.Write_Data    main.o
    0x08001b8c   0x08001b8c   0x0000002e   Code   RO           14    .text.Write_String  main.o
    0x08001bba   0x08001bba   0x00000002   PAD
    0x08001bbc   0x08001bbc   0x00000080   Code   RO            2    .text.main          main.o
    0x08001c3c   0x08001c3c   0x0000003e   Code   RO          394    CL$$btod_d2e        c_w.l(btod.o)
    0x08001c7a   0x08001c7a   0x00000046   Code   RO          396    CL$$btod_d2e_denorm_low  c_w.l(btod.o)
    0x08001cc0   0x08001cc0   0x00000060   Code   RO          395    CL$$btod_d2e_norm_op1  c_w.l(btod.o)
    0x08001d20   0x08001d20   0x00000338   Code   RO          404    CL$$btod_div_common  c_w.l(btod.o)
    0x08002058   0x08002058   0x000000dc   Code   RO          401    CL$$btod_e2e        c_w.l(btod.o)
    0x08002134   0x08002134   0x0000002a   Code   RO          398    CL$$btod_ediv       c_w.l(btod.o)
    0x0800215e   0x0800215e   0x0000002a   Code   RO          397    CL$$btod_emul       c_w.l(btod.o)
    0x08002188   0x08002188   0x00000244   Code   RO          403    CL$$btod_mult_common  c_w.l(btod.o)
    0x080023cc   0x080023cc   0x00000028   Code   RO          432    i.__ARM_fpclassify  m_ws.l(fpclassify.o)
    0x080023f4   0x080023f4   0x0000000e   Code   RO          304    i._is_digit         c_w.l(__printf_wp.o)
    0x08002402   0x08002402   0x00000002   PAD
    0x08002404   0x08002404   0x0000002c   Code   RO          419    locale$$code        c_w.l(lc_numeric_c.o)
    0x08002430   0x08002430   0x0000002c   Code   RO          442    locale$$code        c_w.l(lc_ctype_c.o)
    0x0800245c   0x0800245c   0x00000004   Code   RO          337    x$fpl$printf1       fz_ws.l(printf1.o)
    0x08002460   0x08002460   0x00000004   Code   RO          339    x$fpl$printf2       fz_ws.l(printf2.o)
    0x08002464   0x08002464   0x00000000   Code   RO          431    x$fpl$usenofp       fz_ws.l(usenofp.o)
    0x08002464   0x08002464   0x00000008   Data   RO          263    .constdata          c_w.l(_printf_wctomb.o)
    0x0800246c   0x0800246c   0x00000028   Data   RO          292    .constdata          c_w.l(_printf_hex_int_ll_ptr.o)
    0x08002494   0x08002494   0x00000011   Data   RO          312    .constdata          c_w.l(__printf_flags_ss_wp.o)
    0x080024a5   0x080024a5   0x00000026   Data   RO          369    .constdata          c_w.l(_printf_fp_hex.o)
    0x080024cb   0x080024cb   0x00000001   PAD
    0x080024cc   0x080024cc   0x00000094   Data   RO          392    .constdata          c_w.l(bigflt0.o)
    0x08002560   0x08002560   0x00000017   Data   RO           26    .rodata.str1.1      main.o
    0x08002577   0x08002577   0x00000001   PAD
    0x08002578   0x08002578   0x00000010   Data   RO          577    Region$$Table       anon$$obj.o
    0x08002588   0x08002588   0x0000001c   Data   RO          418    locale$$data        c_w.l(lc_numeric_c.o)
    0x080025a4   0x080025a4   0x00000110   Data   RO          441    locale$$data        c_w.l(lc_ctype_c.o)


    Execution Region RW_IRAM1 (Exec base: 0x20000000, Load base: 0x080026b4, Size: 0x00000660, Max: 0x00005000, ABSOLUTE)

    Exec Addr    Load Addr    Size         Type   Attr      Idx    E Section Name        Object

    0x20000000        -       0x00000060   Zero   RW          435    .bss                c_w.l(libspace.o)
    0x20000060        -       0x00000200   Zero   RW          212    HEAP                startup_stm32f10x_md.o
    0x20000260        -       0x00000400   Zero   RW          211    STACK               startup_stm32f10x_md.o


==============================================================================

Image component sizes


      Code (inc. data)   RO Data    RW Data    ZI Data      Debug   Object Name

      1352          0         23          0          0       4145   main.o
        64         26        236          0       1536        840   startup_stm32f10x_md.o
       400          0          0          0          0       2869   system_stm32f10x.o

    ----------------------------------------------------------------------
      1832         26        276          0       1536       7854   Object Totals
         0          0         16          0          0          0   (incl. Generated)
        16          0          1          0          0          0   (incl. Padding)

    ----------------------------------------------------------------------

      Code (inc. data)   RO Data    RW Data    ZI Data      Debug   Library Member Name

         8          0          0          0          0         68   __main.o
       392          4         17          0          0         92   __printf_flags_ss_wp.o
        14          0          0          0          0         68   __printf_wp.o
         0          0          0          0          0          0   __rtentry.o
        12          0          0          0          0          0   __rtentry2.o
         6          0          0          0          0          0   __rtentry4.o
        52          8          0          0          0          0   __scatter.o
        28          0          0          0          0          0   __scatter_zi.o
        72          0          0          0          0         96   _c16rtomb.o
       302          0          0          0          0        168   _get_argv_nomalloc.o
         6          0          0          0          0          0   _printf_a.o
         6          0          0          0          0          0   _printf_c.o
        44          0          0          0          0        108   _printf_char.o
        48          6          0          0          0         96   _printf_char_common.o
        40          0          0          0          0         68   _printf_charcount.o
         6          0          0          0          0          0   _printf_d.o
       120         16          0          0          0         92   _printf_dec.o
         6          0          0          0          0          0   _printf_e.o
         6          0          0          0          0          0   _printf_f.o
      1052          0          0          0          0        148   _printf_fp_dec.o
       764          8         38          0          0        100   _printf_fp_hex.o
       128         16          0          0          0         84   _printf_fp_infnan.o
         6          0          0          0          0          0   _printf_g.o
       148          4         40          0          0        160   _printf_hex_int_ll_ptr.o
         6          0          0          0          0          0   _printf_i.o
       178          0          0          0          0         88   _printf_intcommon.o
        10          0          0          0          0          0   _printf_l.o
         6          0          0          0          0          0   _printf_lc.o
        10          0          0          0          0          0   _printf_ll.o
         6          0          0          0          0          0   _printf_lld.o
         6          0          0          0          0          0   _printf_lli.o
         6          0          0          0          0          0   _printf_llo.o
         6          0          0          0          0          0   _printf_llu.o
         6          0          0          0          0          0   _printf_llx.o
       124         16          0          0          0         92   _printf_longlong_dec.o
         6          0          0          0          0          0   _printf_ls.o
         6          0          0          0          0          0   _printf_n.o
         6          0          0          0          0          0   _printf_o.o
       112          8          0          0          0        124   _printf_oct_int_ll.o
         6          0          0          0          0          0   _printf_p.o
        78          0          0          0          0        108   _printf_pad.o
         0          0          0          0          0          0   _printf_percent.o
         4          0          0          0          0          0   _printf_percent_end.o
         6          0          0          0          0          0   _printf_s.o
        82          0          0          0          0         80   _printf_str.o
        36          0          0          0          0         84   _printf_truncate.o
         6          0          0          0          0          0   _printf_u.o
        44          0          0          0          0        108   _printf_wchar.o
       188          6          8          0          0         92   _printf_wctomb.o
         6          0          0          0          0          0   _printf_x.o
        10          0          0          0          0         68   _sputc.o
         4          0          0          0          0         68   argv_veneer.o
       228          4        148          0          0         96   bigflt0.o
      1936        128          0          0          0        672   btod.o
        10          0          0          0          0         68   defsig_exit.o
        50          0          0          0          0         88   defsig_general.o
        80         58          0          0          0         76   defsig_rtmem_inner.o
        14          0          0          0          0         80   defsig_rtmem_outer.o
        18          0          0          0          0         80   exit.o
         6          0          0          0          0        152   heapauxi.o
         4          0          0          0          0        136   hrguard.o
         0          0          0          0          0          0   indicate_semi.o
        44         10        272          0          0         76   lc_ctype_c.o
        44         10         28          0          0         76   lc_numeric_c.o
         2          0          0          0          0          0   libinit.o
        38          0          0          0          0          0   libinit2.o
         2          0          0          0          0          0   libshutdown.o
         2          0          0          0          0          0   libshutdown2.o
         8          4          0          0         96         68   libspace.o
       138          0          0          0          0         80   lludiv10.o
        16          4          0          0          0         76   rt_ctype_table.o
         8          4          0          0          0         68   rt_locale_intlibspace.o
         2          0          0          0          0          0   rtexit.o
        10          0          0          0          0          0   rtexit2.o
        44          6          0          0          0         84   sprintf.o
       128          0          0          0          0         68   strcmpv7m.o
        24          0          0          0          0         76   sys_command.o
        12          4          0          0          0         68   sys_exit.o
        74          0          0          0          0         80   sys_stackheap_outer.o
        14          0          0          0          0         76   sys_wrch.o
         2          0          0          0          0         68   use_no_semi.o
         4          0          0          0          0         68   printf1.o
         4          0          0          0          0         68   printf2.o
         0          0          0          0          0          0   usenofp.o
        40          0          0          0          0         68   fpclassify.o

    ----------------------------------------------------------------------
      7248        324        552          0         96       4876   Library Totals
        12          0          1          0          0          0   (incl. Padding)

    ----------------------------------------------------------------------

      Code (inc. data)   RO Data    RW Data    ZI Data      Debug   Library Name

      7188        324        551          0         96       4672   c_w.l
         8          0          0          0          0        136   fz_ws.l
        40          0          0          0          0         68   m_ws.l

    ----------------------------------------------------------------------
      7248        324        552          0         96       4876   Library Totals

    ----------------------------------------------------------------------

==============================================================================


      Code (inc. data)   RO Data    RW Data    ZI Data      Debug   

      9080        350        828          0       1632       9990   Grand Totals
      9080        350        828          0       1632       9990   ELF Image Totals
      9080        350        828          0          0          0   ROM Totals

==============================================================================

    Total RO  Size (Code + RO Data)                 9908 (   9.68kB)
    Total RW  Size (RW Data + ZI Data)              1632 (   1.59kB)
    Total ROM Size (Code + RO Data + RW Data)       9908 (   9.68kB)

==============================================================================

